\BOOKMARK [1][-]{section.1}{\376\377\000N\000o\000t\000a\000t\000i\000o\000n}{}% 1
\BOOKMARK [1][-]{section.2}{\376\377\000G\000o\000v\000e\000r\000n\000i\000n\000g\000\040\000e\000q\000u\000a\000t\000i\000o\000n\000s}{}% 2
\BOOKMARK [2][-]{subsection.2.1}{\376\377\000M\000o\000n\000o\000d\000o\000m\000a\000i\000n\000\040\000P\000D\000E}{section.2}% 3
\BOOKMARK [2][-]{subsection.2.2}{\376\377\000I\000o\000n\000i\000c\000\040\000O\000D\000E}{section.2}% 4
\BOOKMARK [2][-]{subsection.2.3}{\376\377\000M\000a\000n\000u\000f\000a\000c\000t\000u\000r\000e\000d\000\040\000M\000M\000S\000\040\000e\000q\000u\000a\000t\000i\000o\000n\000\040\000u\000s\000e\000d\000\040\000f\000o\000r\000\040\000c\000o\000n\000v\000e\000r\000g\000e\000n\000c\000e\000\040\000t\000r\000a\000n\000s\000f\000e\000r}{section.2}% 5
\BOOKMARK [2][-]{subsection.2.4}{\376\377\000E\000x\000t\000e\000r\000n\000a\000l\000\040\000s\000t\000i\000m\000u\000l\000u\000s}{section.2}% 6
\BOOKMARK [1][-]{section.3}{\376\377\000T\000i\000m\000e\000\040\000d\000i\000s\000c\000r\000e\000t\000i\000s\000a\000t\000i\000o\000n\000:\000\040\000t\000h\000e\000\040\000-\000s\000c\000h\000e\000m\000e}{}% 7
\BOOKMARK [1][-]{section.4}{\376\377\000S\000p\000a\000t\000i\000a\000l\000\040\000d\000i\000s\000c\000r\000e\000t\000i\000s\000a\000t\000i\000o\000n}{}% 8
\BOOKMARK [2][-]{subsection.4.1}{\376\377\000S\000t\000a\000n\000d\000a\000r\000d\000\040\000o\000r\000t\000h\000o\000g\000o\000n\000a\000l\000\040\000F\000V\000\040\000L\000a\000p\000l\000a\000c\000i\000a\000n}{section.4}% 9
\BOOKMARK [2][-]{subsection.4.2}{\376\377\000H\000i\000g\000h\000-\000o\000r\000d\000e\000r\000\040\000L\000R\000E\000\040\000d\000i\000f\000f\000u\000s\000i\000o\000n}{section.4}% 10
\BOOKMARK [2][-]{subsection.4.3}{\376\377\000M\000a\000s\000s\000\040\000m\000a\000t\000r\000i\000c\000e\000s}{section.4}% 11
\BOOKMARK [2][-]{subsection.4.4}{\376\377\000H\000i\000g\000h\000-\000o\000r\000d\000e\000r\000\040\000r\000e\000c\000o\000n\000s\000t\000r\000u\000c\000t\000i\000o\000n\000\040\000a\000t\000\040\000i\000o\000n\000i\000c\000\040\000q\000u\000a\000d\000r\000a\000t\000u\000r\000e\000\040\000p\000o\000i\000n\000t\000s}{section.4}% 12
\BOOKMARK [2][-]{subsection.4.5}{\376\377\000H\000i\000g\000h\000-\000o\000r\000d\000e\000r\000\040\000c\000e\000l\000l\000\040\000a\000v\000e\000r\000a\000g\000i\000n\000g\000\040\000o\000f\000\040\000I\000i\000o\000n}{section.4}% 13
\BOOKMARK [1][-]{section.5}{\376\377\000N\000o\000n\000l\000i\000n\000e\000a\000r\000\040\000s\000o\000l\000v\000e\000r}{}% 14
\BOOKMARK [2][-]{subsection.5.1}{\376\377\000S\000h\000a\000r\000e\000d\000\040\000r\000e\000s\000i\000d\000u\000a\000l\000s\000\040\000a\000n\000d\000\040\000s\000t\000o\000p\000p\000i\000n\000g\000\040\000t\000e\000s\000t\000s}{section.5}% 15
\BOOKMARK [2][-]{subsection.5.2}{\376\377\000P\000i\000c\000a\000r\000d\000\040\000f\000i\000x\000e\000d\000-\000p\000o\000i\000n\000t\000\040\000m\000e\000t\000h\000o\000d}{section.5}% 16
\BOOKMARK [2][-]{subsection.5.3}{\376\377\000D\000i\000a\000g\000o\000n\000a\000l\000\040\000I\000i\000o\000n\000\040\000l\000i\000n\000e\000a\000r\000i\000s\000a\000t\000i\000o\000n}{section.5}% 17
\BOOKMARK [2][-]{subsection.5.4}{\376\377\000J\000a\000c\000o\000b\000i\000a\000n\000-\000F\000r\000e\000e\000\040\000N\000e\000w\000t\000o\000n\040\023\000K\000r\000y\000l\000o\000v}{section.5}% 18
\BOOKMARK [2][-]{subsection.5.5}{\376\377\000I\000n\000-\000h\000o\000u\000s\000e\000\040\000r\000e\000s\000t\000a\000r\000t\000e\000d\000\040\000G\000M\000R\000E\000S}{section.5}% 19
\BOOKMARK [2][-]{subsection.5.6}{\376\377\000A\000r\000m\000i\000j\000o\000\040\000b\000a\000c\000k\000t\000r\000a\000c\000k\000i\000n\000g\000\040\000l\000i\000n\000e\000\040\000s\000e\000a\000r\000c\000h}{section.5}% 20
\BOOKMARK [2][-]{subsection.5.7}{\376\377\000I\000n\000i\000t\000i\000a\000l\000\040\000g\000u\000e\000s\000s\000,\000\040\000O\000D\000E\000\040\000c\000l\000a\000m\000p\000\040\000a\000n\000d\000\040\000r\000o\000l\000l\000b\000a\000c\000k}{section.5}% 21
\BOOKMARK [1][-]{section.6}{\376\377\000L\000i\000n\000e\000a\000r\000\040\000s\000o\000l\000v\000e\000r\000:\000\040\000E\000i\000g\000e\000n\000\040\000b\000a\000c\000k\000-\000e\000n\000d}{}% 22
\BOOKMARK [1][-]{section.7}{\376\377\000I\000o\000n\000i\000c\000\040\000O\000D\000E\000\040\000i\000n\000t\000e\000g\000r\000a\000t\000i\000o\000n}{}% 23
\BOOKMARK [1][-]{section.8}{\376\377\000T\000N\000N\000P\000\040\000n\000u\000m\000e\000r\000i\000c\000a\000l\000\040\000p\000r\000o\000t\000e\000c\000t\000i\000o\000n}{}% 24
\BOOKMARK [1][-]{section.9}{\376\377\000A\000c\000t\000i\000v\000a\000t\000i\000o\000n\000\040\000t\000r\000a\000c\000k\000i\000n\000g\000\040\000a\000n\000d\000\040\000b\000e\000n\000c\000h\000m\000a\000r\000k\000s}{}% 25
\BOOKMARK [1][-]{section.10}{\376\377\000S\000o\000l\000v\000e\000r\000\040\000f\000l\000o\000w\000\040\000c\000h\000a\000r\000t}{}% 26
\BOOKMARK [1][-]{section.11}{\376\377\000M\000a\000n\000u\000f\000a\000c\000t\000u\000r\000e\000d\000\040\000d\000r\000i\000v\000e\000r\000:\000\040\000r\000u\000n\000\137\000c\000o\000n\000v\000e\000r\000g\000e\000n\000c\000e\000.\000p\000y}{}% 27
\BOOKMARK [2][-]{subsection.11.1}{\376\377\000G\000e\000o\000m\000e\000t\000r\000y\000\040\000a\000n\000d\000\040\000p\000a\000r\000a\000m\000e\000t\000e\000r\000\040\000s\000w\000e\000e\000p}{section.11}% 28
\BOOKMARK [2][-]{subsection.11.2}{\376\377\000N\000o\000n\000l\000i\000n\000e\000a\000r\000\040\000m\000e\000t\000h\000o\000d\000\040\000a\000n\000d\000\040\000c\000o\000n\000v\000e\000r\000g\000e\000n\000c\000e\000\040\000c\000o\000n\000t\000r\000o\000l\000s}{section.11}% 29
\BOOKMARK [2][-]{subsection.11.3}{\376\377\000J\000F\000N\000K\000\040\000a\000n\000d\000\040\000d\000i\000a\000g\000o\000n\000a\000l\000-\000I\000i\000o\000n\000\040\000c\000o\000n\000t\000r\000o\000l\000s}{section.11}% 30
\BOOKMARK [2][-]{subsection.11.4}{\376\377\000L\000i\000n\000e\000a\000r\000\040\000P\000D\000E\000\040\000s\000o\000l\000v\000e\000r}{section.11}% 31
\BOOKMARK [2][-]{subsection.11.5}{\376\377\000S\000t\000a\000t\000e\000\040\000O\000D\000E\000\040\000i\000n\000t\000e\000g\000r\000a\000t\000o\000r}{section.11}% 32
\BOOKMARK [2][-]{subsection.11.6}{\376\377\000L\000R\000E\000\040\000h\000i\000g\000h\000-\000o\000r\000d\000e\000r\000\040\000p\000a\000r\000a\000m\000e\000t\000e\000r\000s\000\040\000p\000e\000r\000\040\000p\000-\000l\000e\000v\000e\000l}{section.11}% 33
\BOOKMARK [2][-]{subsection.11.7}{\376\377\000D\000i\000a\000g\000n\000o\000s\000t\000i\000c\000s\000\040\000a\000n\000d\000\040\000r\000u\000n\000-\000c\000o\000n\000t\000r\000o\000l}{section.11}% 34
\BOOKMARK [1][-]{section.12}{\376\377\000R\000e\000s\000u\000l\000t\000s}{}% 35
\BOOKMARK [2][-]{subsection.12.1}{\376\377\0002\000D\000\040\000N\000i\000e\000d\000e\000r\000e\000r\000-\000s\000t\000y\000l\000e\000\040\000b\000e\000n\000c\000h\000m\000a\000r\000k}{section.12}% 36
\BOOKMARK [2][-]{subsection.12.2}{\376\377\0003\000D\000\040\000N\000i\000e\000d\000e\000r\000e\000r\000-\000s\000t\000y\000l\000e\000\040\000b\000e\000n\000c\000h\000m\000a\000r\000k}{section.12}% 37
\BOOKMARK [1][-]{appendix.A}{\376\377\000D\000i\000m\000e\000n\000s\000i\000o\000n\000\040\000t\000a\000b\000l\000e}{}% 38
\BOOKMARK [1][-]{appendix.B}{\376\377\000F\000i\000l\000e\000\040\000m\000a\000p}{}% 39
\BOOKMARK [1][-]{appendix.C}{\376\377\000D\000i\000f\000f\000e\000r\000e\000n\000c\000e\000s\000\040\000v\000s\000.\000\040\000t\000h\000e\000\040\000P\000E\000T\000S\000c\000\040\000s\000i\000b\000l\000i\000n\000g}{}% 40
