\BOOKMARK [1][-]{section.1}{\376\377\000N\000o\000t\000a\000c\000i\000\363\000n}{}% 1
\BOOKMARK [1][-]{section.2}{\376\377\000E\000c\000u\000a\000c\000i\000o\000n\000e\000s\000\040\000d\000e\000\040\000g\000o\000b\000i\000e\000r\000n\000o}{}% 2
\BOOKMARK [2][-]{subsection.2.1}{\376\377\000P\000D\000E\000\040\000m\000o\000n\000o\000d\000o\000m\000i\000n\000i\000o}{section.2}% 3
\BOOKMARK [2][-]{subsection.2.2}{\376\377\000O\000D\000E\000\040\000i\000\363\000n\000i\000c\000o}{section.2}% 4
\BOOKMARK [2][-]{subsection.2.3}{\376\377\000E\000c\000u\000a\000c\000i\000\363\000n\000\040\000M\000M\000S\000\040\000m\000a\000n\000u\000f\000a\000c\000t\000u\000r\000a\000d\000a\000\040\000u\000s\000a\000d\000a\000\040\000p\000a\000r\000a\000\040\000t\000r\000a\000n\000s\000f\000e\000r\000i\000r\000\040\000l\000a\000\040\000c\000o\000n\000v\000e\000r\000g\000e\000n\000c\000i\000a}{section.2}% 5
\BOOKMARK [2][-]{subsection.2.4}{\376\377\000E\000s\000t\000\355\000m\000u\000l\000o\000\040\000e\000x\000t\000e\000r\000n\000o}{section.2}% 6
\BOOKMARK [1][-]{section.3}{\376\377\000D\000i\000s\000c\000r\000e\000t\000i\000z\000a\000c\000i\000\363\000n\000\040\000t\000e\000m\000p\000o\000r\000a\000l\000:\000\040\000e\000l\000\040\000e\000s\000q\000u\000e\000m\000a\000\040}{}% 7
\BOOKMARK [1][-]{section.4}{\376\377\000D\000i\000s\000c\000r\000e\000t\000i\000z\000a\000c\000i\000\363\000n\000\040\000e\000s\000p\000a\000c\000i\000a\000l}{}% 8
\BOOKMARK [2][-]{subsection.4.1}{\376\377\000L\000a\000p\000l\000a\000c\000i\000a\000n\000o\000\040\000F\000V\000\040\000o\000r\000t\000o\000g\000o\000n\000a\000l\000\040\000e\000s\000t\000\341\000n\000d\000a\000r}{section.4}% 9
\BOOKMARK [2][-]{subsection.4.2}{\376\377\000D\000i\000f\000u\000s\000i\000\363\000n\000\040\000L\000R\000E\000\040\000d\000e\000\040\000a\000l\000t\000o\000\040\000o\000r\000d\000e\000n}{section.4}% 10
\BOOKMARK [2][-]{subsection.4.3}{\376\377\000M\000a\000t\000r\000i\000c\000e\000s\000\040\000d\000e\000\040\000m\000a\000s\000a}{section.4}% 11
\BOOKMARK [2][-]{subsection.4.4}{\376\377\000R\000e\000c\000o\000n\000s\000t\000r\000u\000c\000c\000i\000\363\000n\000\040\000d\000e\000\040\000a\000l\000t\000o\000\040\000o\000r\000d\000e\000n\000\040\000e\000n\000\040\000l\000o\000s\000\040\000p\000u\000n\000t\000o\000s\000\040\000d\000e\000\040\000c\000u\000a\000d\000r\000a\000t\000u\000r\000a\000\040\000i\000\363\000n\000i\000c\000o\000s}{section.4}% 12
\BOOKMARK [2][-]{subsection.4.5}{\376\377\000P\000r\000o\000m\000e\000d\000i\000a\000d\000o\000\040\000d\000e\000\040\000a\000l\000t\000o\000\040\000o\000r\000d\000e\000n\000\040\000d\000e\000\040\000I\000i\000o\000n\000\040\000a\000\040\000c\000e\000l\000d\000a}{section.4}% 13
\BOOKMARK [1][-]{section.5}{\376\377\000I\000n\000t\000e\000g\000r\000a\000c\000i\000\363\000n\000\040\000d\000e\000\040\000s\000t\000a\000t\000e\000s\000\040\000e\000n\000\040\000l\000o\000s\000\040\000p\000u\000n\000t\000o\000s\000\040\000d\000e\000\040\000c\000u\000a\000d\000r\000a\000t\000u\000r\000a\000\040\000i\000\363\000n\000i\000c\000o\000s}{}% 14
\BOOKMARK [2][-]{subsection.5.1}{\376\377\000D\000o\000s\000\040\000m\000o\000d\000o\000s}{section.5}% 15
\BOOKMARK [2][-]{subsection.5.2}{\376\377\000H\000\355\000b\000r\000i\000d\000o\000\040\000c\000o\000n\000s\000c\000i\000e\000n\000t\000e\000\040\000d\000e\000l\000\040\000f\000r\000e\000n\000t\000e\000\040\000\050\000f\000r\000o\000n\000t\000-\000a\000w\000a\000r\000e\000\051}{section.5}% 16
\BOOKMARK [2][-]{subsection.5.3}{\376\377\000L\000i\000m\000i\000t\000a\000d\000o\000r\000\040\000d\000e\000\040\000l\000a\000\040\000r\000e\000c\000o\000n\000s\000t\000r\000u\000c\000c\000i\000\363\000n\000\040\000d\000e\000\040\000s\000t\000a\000t\000e\000s}{section.5}% 17
\BOOKMARK [2][-]{subsection.5.4}{\376\377\000C\000l\000a\000v\000e\000s\000\040\000d\000e\000\040\000d\000i\000c\000c\000i\000o\000n\000a\000r\000i\000o}{section.5}% 18
\BOOKMARK [1][-]{section.6}{\376\377\000S\000o\000l\000v\000e\000r\000\040\000n\000o\000\040\000l\000i\000n\000e\000a\000l}{}% 19
\BOOKMARK [2][-]{subsection.6.1}{\376\377\000R\000e\000s\000i\000d\000u\000o\000s\000\040\000c\000o\000m\000p\000a\000r\000t\000i\000d\000o\000s\000\040\000y\000\040\000t\000e\000s\000t\000s\000\040\000d\000e\000\040\000p\000a\000r\000a\000d\000a}{section.6}% 20
\BOOKMARK [2][-]{subsection.6.2}{\376\377\000M\000\351\000t\000o\000d\000o\000\040\000d\000e\000\040\000p\000u\000n\000t\000o\000\040\000f\000i\000j\000o\000\040\000d\000e\000\040\000P\000i\000c\000a\000r\000d}{section.6}% 21
\BOOKMARK [2][-]{subsection.6.3}{\376\377\000L\000i\000n\000e\000a\000l\000i\000z\000a\000c\000i\000\363\000n\000\040\000d\000i\000a\000g\000o\000n\000a\000l\000\040\000d\000e\000\040\000I\000i\000o\000n}{section.6}% 22
\BOOKMARK [2][-]{subsection.6.4}{\376\377\000J\000a\000c\000o\000b\000i\000a\000n\000-\000F\000r\000e\000e\000\040\000N\000e\000w\000t\000o\000n\040\023\000K\000r\000y\000l\000o\000v}{section.6}% 23
\BOOKMARK [2][-]{subsection.6.5}{\376\377\000K\000r\000y\000l\000o\000v\000\040\000i\000n\000t\000e\000r\000n\000o\000\040\000d\000e\000\040\000J\000F\000N\000K}{section.6}% 24
\BOOKMARK [2][-]{subsection.6.6}{\376\377\000B\000\372\000s\000q\000u\000e\000d\000a\000\040\000d\000e\000\040\000l\000\355\000n\000e\000a\000\040\000d\000e\000\040\000r\000e\000t\000r\000o\000c\000e\000s\000o\000\040\000d\000e\000\040\000A\000r\000m\000i\000j\000o}{section.6}% 25
\BOOKMARK [2][-]{subsection.6.7}{\376\377\000V\000a\000l\000o\000r\000\040\000i\000n\000i\000c\000i\000a\000l\000,\000\040\000c\000l\000a\000m\000p\000\040\000d\000e\000l\000\040\000O\000D\000E\000\040\000y\000\040\000r\000o\000l\000l\000b\000a\000c\000k}{section.6}% 26
\BOOKMARK [1][-]{section.7}{\376\377\000S\000o\000l\000v\000e\000r\000\040\000l\000i\000n\000e\000a\000l\000:\000\040\000b\000a\000c\000k\000-\000e\000n\000d\000s\000\040\000E\000i\000g\000e\000n\000\040\000y\000\040\000P\000E\000T\000S\000c}{}% 27
\BOOKMARK [1][-]{section.8}{\376\377\000I\000n\000t\000e\000g\000r\000a\000c\000i\000\363\000n\000\040\000d\000e\000l\000\040\000O\000D\000E\000\040\000i\000\363\000n\000i\000c\000o}{}% 28
\BOOKMARK [1][-]{section.9}{\376\377\000P\000r\000o\000t\000e\000c\000c\000i\000\363\000n\000\040\000n\000u\000m\000\351\000r\000i\000c\000a\000\040\000d\000e\000l\000\040\000T\000N\000N\000P}{}% 29
\BOOKMARK [1][-]{section.10}{\376\377\000S\000e\000g\000u\000i\000m\000i\000e\000n\000t\000o\000\040\000d\000e\000\040\000l\000a\000\040\000a\000c\000t\000i\000v\000a\000c\000i\000\363\000n\000\040\000y\000\040\000b\000e\000n\000c\000h\000m\000a\000r\000k\000s}{}% 30
\BOOKMARK [1][-]{section.11}{\376\377\000D\000i\000a\000g\000r\000a\000m\000a\000\040\000d\000e\000\040\000f\000l\000u\000j\000o\000\040\000d\000e\000l\000\040\000s\000o\000l\000v\000e\000r}{}% 31
\BOOKMARK [1][-]{section.12}{\376\377\000D\000r\000i\000v\000e\000r\000\040\000m\000a\000n\000u\000f\000a\000c\000t\000u\000r\000a\000d\000o\000:\000\040\000r\000u\000n\000\137\000c\000o\000n\000v\000e\000r\000g\000e\000n\000c\000e\000.\000p\000y}{}% 32
\BOOKMARK [2][-]{subsection.12.1}{\376\377\000G\000e\000o\000m\000e\000t\000r\000\355\000a\000\040\000y\000\040\000b\000a\000r\000r\000i\000d\000o\000\040\000d\000e\000\040\000p\000a\000r\000\341\000m\000e\000t\000r\000o\000s}{section.12}% 33
\BOOKMARK [2][-]{subsection.12.2}{\376\377\000M\000\351\000t\000o\000d\000o\000\040\000n\000o\000\040\000l\000i\000n\000e\000a\000l\000\040\000y\000\040\000c\000o\000n\000t\000r\000o\000l\000e\000s\000\040\000d\000e\000\040\000c\000o\000n\000v\000e\000r\000g\000e\000n\000c\000i\000a}{section.12}% 34
\BOOKMARK [2][-]{subsection.12.3}{\376\377\000C\000o\000n\000t\000r\000o\000l\000e\000s\000\040\000d\000e\000\040\000J\000F\000N\000K\000\040\000y\000\040\000d\000e\000\040\000d\000i\000a\000g\000o\000n\000a\000l\000-\000I\000i\000o\000n}{section.12}% 35
\BOOKMARK [2][-]{subsection.12.4}{\376\377\000S\000o\000l\000v\000e\000r\000\040\000l\000i\000n\000e\000a\000l\000\040\000d\000e\000l\000\040\000P\000D\000E}{section.12}% 36
\BOOKMARK [2][-]{subsection.12.5}{\376\377\000I\000n\000t\000e\000g\000r\000a\000d\000o\000r\000\040\000d\000e\000l\000\040\000O\000D\000E\000\040\000d\000e\000\040\000s\000t\000a\000t\000e\000s}{section.12}% 37
\BOOKMARK [2][-]{subsection.12.6}{\376\377\000P\000a\000r\000\341\000m\000e\000t\000r\000o\000s\000\040\000L\000R\000E\000\040\000d\000e\000\040\000a\000l\000t\000o\000\040\000o\000r\000d\000e\000n\000\040\000p\000o\000r\000\040\000n\000i\000v\000e\000l\000-\000p}{section.12}% 38
\BOOKMARK [2][-]{subsection.12.7}{\376\377\000D\000i\000a\000g\000n\000\363\000s\000t\000i\000c\000o\000s\000\040\000y\000\040\000c\000o\000n\000t\000r\000o\000l\000\040\000d\000e\000\040\000c\000o\000r\000r\000i\000d\000a}{section.12}% 39
\BOOKMARK [1][-]{section.13}{\376\377\000R\000e\000s\000u\000l\000t\000a\000d\000o\000s}{}% 40
\BOOKMARK [2][-]{subsection.13.1}{\376\377\000B\000e\000n\000c\000h\000m\000a\000r\000k\000\040\0002\000D\000\040\000e\000s\000t\000i\000l\000o\000\040\000N\000i\000e\000d\000e\000r\000e\000r}{section.13}% 41
\BOOKMARK [3][-]{subsubsection.13.1.1}{\376\377\000M\000a\000g\000n\000i\000t\000u\000d\000e\000s\000\040\000d\000e\000\040\000c\000o\000s\000t\000o\000\040\000c\000o\000m\000p\000u\000t\000a\000c\000i\000o\000n\000a\000l}{subsection.13.1}% 42
\BOOKMARK [3][-]{subsubsection.13.1.2}{\376\377\000M\000a\000l\000l\000a\000\040\000h\000e\000x\000a\000\351\000d\000r\000i\000c\000a\000\040\000e\000s\000t\000r\000u\000c\000t\000u\000r\000a\000d\000a\000,\000\040\000s\000i\000n\000\040\000h\000\355\000b\000r\000i\000d\000o\000\040\000\050\000f\000r\000o\000n\000t\000A\000w\000a\000r\000e\000H\000y\000b\000r\000i\000d\000\040\000f\000a\000l\000s\000e\000\051}{subsection.13.1}% 43
\BOOKMARK [3][-]{subsubsection.13.1.3}{\376\377\000M\000a\000l\000l\000a\000\040\000h\000e\000x\000a\000\351\000d\000r\000i\000c\000a\000\040\000e\000s\000t\000r\000u\000c\000t\000u\000r\000a\000d\000a\000,\000\040\000h\000\355\000b\000r\000i\000d\000o\000\040\000f\000r\000o\000n\000t\000-\000a\000w\000a\000r\000e\000\040\000\050\000f\000r\000o\000n\000t\000A\000w\000a\000r\000e\000H\000y\000b\000r\000i\000d\000\040\000t\000r\000u\000e\000\051}{subsection.13.1}% 44
\BOOKMARK [3][-]{subsubsection.13.1.4}{\376\377\000M\000a\000l\000l\000a\000\040\000t\000r\000i\000a\000n\000g\000u\000l\000a\000r\000\040\000n\000o\000\040\000e\000s\000t\000r\000u\000c\000t\000u\000r\000a\000d\000a\000,\000\040\000s\000i\000n\000\040\000h\000\355\000b\000r\000i\000d\000o}{subsection.13.1}% 45
\BOOKMARK [3][-]{subsubsection.13.1.5}{\376\377\000M\000a\000l\000l\000a\000\040\000t\000r\000i\000a\000n\000g\000u\000l\000a\000r\000\040\000n\000o\000\040\000e\000s\000t\000r\000u\000c\000t\000u\000r\000a\000d\000a\000,\000\040\000h\000\355\000b\000r\000i\000d\000o\000\040\000f\000r\000o\000n\000t\000-\000a\000w\000a\000r\000e}{subsection.13.1}% 46
\BOOKMARK [2][-]{subsection.13.2}{\376\377\000B\000e\000n\000c\000h\000m\000a\000r\000k\000\040\0003\000D\000\040\000e\000s\000t\000i\000l\000o\000\040\000N\000i\000e\000d\000e\000r\000e\000r}{section.13}% 47
\BOOKMARK [1][-]{appendix.Alph1}{\376\377\000T\000a\000b\000l\000a\000\040\000d\000e\000\040\000d\000i\000m\000e\000n\000s\000i\000o\000n\000e\000s}{}% 48
\BOOKMARK [1][-]{appendix.Alph2}{\376\377\000M\000a\000p\000a\000\040\000d\000e\000\040\000a\000r\000c\000h\000i\000v\000o\000s}{}% 49
\BOOKMARK [1][-]{appendix.Alph3}{\376\377\000B\000a\000c\000k\000-\000e\000n\000d\000s\000\040\000d\000e\000\040\000\341\000l\000g\000e\000b\000r\000a\000\040\000l\000i\000n\000e\000a\000l\000\040\000y\000\040\000s\000o\000l\000v\000e\000r\000\040\000h\000e\000r\000m\000a\000n\000o}{}% 50
\BOOKMARK [1][-]{appendix.Alph4}{\376\377\000O\000p\000t\000i\000m\000i\000z\000a\000c\000i\000o\000n\000e\000s\000\040\000d\000e\000\040\000r\000e\000n\000d\000i\000m\000i\000e\000n\000t\000o}{}% 51
\BOOKMARK [2][-]{subsection.Alph4.1}{\376\377\000R\000e\000u\000t\000i\000l\000i\000z\000a\000c\000i\000\363\000n\000\040\000d\000e\000\040\000l\000a\000\040\000m\000a\000t\000r\000i\000z\000\040\000y\000\040\000l\000a\000\040\000f\000a\000c\000t\000o\000r\000i\000z\000a\000c\000i\000\363\000n\000\040\000\050\000F\000a\000s\000e\000\040\000B\000\051}{appendix.Alph4}% 52
\BOOKMARK [2][-]{subsection.Alph4.2}{\376\377\000P\000r\000e\000c\000o\000n\000d\000i\000c\000i\000o\000n\000a\000d\000o\000r\000\040\000d\000e\000\040\000d\000i\000f\000u\000s\000i\000\363\000n\000\040\000p\000a\000r\000a\000\040\000e\000l\000\040\000J\000F\000N\000K\000\040\000\050\000A\0003\000\051}{appendix.Alph4}% 53
\BOOKMARK [2][-]{subsection.Alph4.3}{\376\377\000I\000n\000t\000e\000g\000r\000a\000c\000i\000\363\000n\000\040\000d\000e\000l\000\040\000O\000D\000E\000\040\000i\000\363\000n\000i\000c\000o\000\040\000e\000n\000\040\000p\000a\000r\000a\000l\000e\000l\000o\000\040\000\050\000C\0001\000\051}{appendix.Alph4}% 54
\BOOKMARK [2][-]{subsection.Alph4.4}{\376\377\000P\000r\000e\000c\000o\000n\000d\000i\000c\000i\000o\000n\000a\000d\000o\000r\000e\000s\000\040\000A\000M\000G\000\040\000\050\000C\0003\000\051}{appendix.Alph4}% 55
\BOOKMARK [1][-]{appendix.Alph5}{\376\377\000E\000x\000p\000e\000r\000i\000m\000e\000n\000t\000o\000s\000\040\000d\000e\000\040\000r\000e\000n\000d\000i\000m\000i\000e\000n\000t\000o}{}% 56
\BOOKMARK [2][-]{subsection.Alph5.1}{\376\377\000F\000a\000s\000e\000\040\000B\000:\000\040\000i\000d\000\351\000n\000t\000i\000c\000o\000\040\000y\000\040\000m\000\341\000s\000\040\000r\000\341\000p\000i\000d\000o\000\040\000e\000n\000\040\000P\000i\000c\000a\000r\000d}{appendix.Alph5}% 57
\BOOKMARK [2][-]{subsection.Alph5.2}{\376\377\000A\0003\000:\000\040\000p\000r\000e\000c\000o\000n\000d\000i\000c\000i\000o\000n\000a\000d\000o\000r\000\040\000d\000e\000\040\000d\000i\000f\000u\000s\000i\000\363\000n\000\040\000e\000n\000\040\000e\000l\000\040\000J\000F\000N\000K}{appendix.Alph5}% 58
\BOOKMARK [2][-]{subsection.Alph5.3}{\376\377\000C\0001\000:\000\040\000p\000a\000r\000a\000l\000e\000l\000i\000z\000a\000c\000i\000\363\000n\000\040\000d\000e\000l\000\040\000O\000D\000E\000\040\000\050\000n\000o\000\040\000a\000y\000u\000d\000a\000\040\000e\000n\000\040\000e\000s\000t\000e\000\040\000p\000r\000o\000b\000l\000e\000m\000a\000\051}{appendix.Alph5}% 59
\BOOKMARK [2][-]{subsection.Alph5.4}{\376\377\000T\000h\000r\000e\000a\000d\000i\000n\000g\000\040\000i\000n\000t\000e\000r\000n\000o\000\040\000d\000e\000\040\000P\000E\000T\000S\000c\000/\000B\000L\000A\000S\000\040\000\050\000c\000o\000n\000t\000r\000a\000p\000r\000o\000d\000u\000c\000e\000n\000t\000e\000\040\000e\000n\000\040\000P\000i\000c\000a\000r\000d\000\051}{appendix.Alph5}% 60
\BOOKMARK [2][-]{subsection.Alph5.5}{\376\377\000S\000o\000l\000v\000e\000r\000\040\000l\000i\000n\000e\000a\000l\000:\000\040\000A\000M\000G\000\040\000v\000s\000.\000\040\000I\000L\000U\000\040\000\050\000e\000l\000\040\000s\000o\000l\000v\000e\000\040\000n\000o\000\040\000e\000s\000\040\000e\000l\000\040\000c\000u\000e\000l\000l\000o\000\051}{appendix.Alph5}% 61
\BOOKMARK [2][-]{subsection.Alph5.6}{\376\377\000S\000\355\000n\000t\000e\000s\000i\000s\000\040\000y\000\040\000r\000e\000c\000o\000m\000e\000n\000d\000a\000c\000i\000o\000n\000e\000s}{appendix.Alph5}% 62
