This is pdfTeX, Version 3.141592653-2.6-1.40.22 (TeX Live 2022/dev/Debian) (preloaded format=pdflatex 2026.1.30)  8 MAY 2026 09:50
entering extended mode
 restricted \write18 enabled.
 %&-line parsing enabled.
**highOrderManufacturedFDAImplicit.tex
(./highOrderManufacturedFDAImplicit.tex
LaTeX2e <2021-11-15> patch level 1
L3 programming layer <2022-01-21>
(/usr/share/texlive/texmf-dist/tex/latex/base/article.cls
Document Class: article 2021/10/04 v1.4n Standard LaTeX document class
(/usr/share/texlive/texmf-dist/tex/latex/base/size11.clo
File: size11.clo 2021/10/04 v1.4n Standard LaTeX file (size option)
)
\c@part=\count185
\c@section=\count186
\c@subsection=\count187
\c@subsubsection=\count188
\c@paragraph=\count189
\c@subparagraph=\count190
\c@figure=\count191
\c@table=\count192
\abovecaptionskip=\skip47
\belowcaptionskip=\skip48
\bibindent=\dimen138
)
(/usr/share/texlive/texmf-dist/tex/latex/geometry/geometry.sty
Package: geometry 2020/01/02 v5.9 Page Geometry

(/usr/share/texlive/texmf-dist/tex/latex/graphics/keyval.sty
Package: keyval 2014/10/28 v1.15 key=value parser (DPC)
\KV@toks@=\toks16
)
(/usr/share/texlive/texmf-dist/tex/generic/iftex/ifvtex.sty
Package: ifvtex 2019/10/25 v1.7 ifvtex legacy package. Use iftex instead.

(/usr/share/texlive/texmf-dist/tex/generic/iftex/iftex.sty
Package: iftex 2020/03/06 v1.0d TeX engine tests
))
\Gm@cnth=\count193
\Gm@cntv=\count194
\c@Gm@tempcnt=\count195
\Gm@bindingoffset=\dimen139
\Gm@wd@mp=\dimen140
\Gm@odd@mp=\dimen141
\Gm@even@mp=\dimen142
\Gm@layoutwidth=\dimen143
\Gm@layoutheight=\dimen144
\Gm@layouthoffset=\dimen145
\Gm@layoutvoffset=\dimen146
\Gm@dimlist=\toks17
)
(/usr/share/texlive/texmf-dist/tex/latex/amsmath/amsmath.sty
Package: amsmath 2021/10/15 v2.17l AMS math features
\@mathmargin=\skip49

For additional information on amsmath, use the `?' option.
(/usr/share/texlive/texmf-dist/tex/latex/amsmath/amstext.sty
Package: amstext 2021/08/26 v2.01 AMS text

(/usr/share/texlive/texmf-dist/tex/latex/amsmath/amsgen.sty
File: amsgen.sty 1999/11/30 v2.0 generic functions
\@emptytoks=\toks18
\ex@=\dimen147
))
(/usr/share/texlive/texmf-dist/tex/latex/amsmath/amsbsy.sty
Package: amsbsy 1999/11/29 v1.2d Bold Symbols
\pmbraise@=\dimen148
)
(/usr/share/texlive/texmf-dist/tex/latex/amsmath/amsopn.sty
Package: amsopn 2021/08/26 v2.02 operator names
)
\inf@bad=\count196
LaTeX Info: Redefining \frac on input line 234.
\uproot@=\count197
\leftroot@=\count198
LaTeX Info: Redefining \overline on input line 399.
\classnum@=\count199
\DOTSCASE@=\count266
LaTeX Info: Redefining \ldots on input line 496.
LaTeX Info: Redefining \dots on input line 499.
LaTeX Info: Redefining \cdots on input line 620.
\Mathstrutbox@=\box50
\strutbox@=\box51
\big@size=\dimen149
LaTeX Font Info:    Redeclaring font encoding OML on input line 743.
LaTeX Font Info:    Redeclaring font encoding OMS on input line 744.
\macc@depth=\count267
\c@MaxMatrixCols=\count268
\dotsspace@=\muskip16
\c@parentequation=\count269
\dspbrk@lvl=\count270
\tag@help=\toks19
\row@=\count271
\column@=\count272
\maxfields@=\count273
\andhelp@=\toks20
\eqnshift@=\dimen150
\alignsep@=\dimen151
\tagshift@=\dimen152
\tagwidth@=\dimen153
\totwidth@=\dimen154
\lineht@=\dimen155
\@envbody=\toks21
\multlinegap=\skip50
\multlinetaggap=\skip51
\mathdisplay@stack=\toks22
LaTeX Info: Redefining \[ on input line 2938.
LaTeX Info: Redefining \] on input line 2939.
)
(/usr/share/texlive/texmf-dist/tex/latex/amsfonts/amssymb.sty
Package: amssymb 2013/01/14 v3.01 AMS font symbols

(/usr/share/texlive/texmf-dist/tex/latex/amsfonts/amsfonts.sty
Package: amsfonts 2013/01/14 v3.01 Basic AMSFonts support
\symAMSa=\mathgroup4
\symAMSb=\mathgroup5
LaTeX Font Info:    Redeclaring math symbol \hbar on input line 98.
LaTeX Font Info:    Overwriting math alphabet `\mathfrak' in version `bold'
(Font)                  U/euf/m/n --> U/euf/b/n on input line 106.
))
(/usr/share/texlive/texmf-dist/tex/latex/graphics/graphicx.sty
Package: graphicx 2021/09/16 v1.2d Enhanced LaTeX Graphics (DPC,SPQR)

(/usr/share/texlive/texmf-dist/tex/latex/graphics/graphics.sty
Package: graphics 2021/03/04 v1.4d Standard LaTeX Graphics (DPC,SPQR)

(/usr/share/texlive/texmf-dist/tex/latex/graphics/trig.sty
Package: trig 2021/08/11 v1.11 sin cos tan (DPC)
)
(/usr/share/texlive/texmf-dist/tex/latex/graphics-cfg/graphics.cfg
File: graphics.cfg 2016/06/04 v1.11 sample graphics configuration
)
Package graphics Info: Driver file: pdftex.def on input line 107.

(/usr/share/texlive/texmf-dist/tex/latex/graphics-def/pdftex.def
File: pdftex.def 2020/10/05 v1.2a Graphics/color driver for pdftex
))
\Gin@req@height=\dimen156
\Gin@req@width=\dimen157
)
(/usr/share/texlive/texmf-dist/tex/latex/booktabs/booktabs.sty
Package: booktabs 2020/01/12 v1.61803398 Publication quality tables
\heavyrulewidth=\dimen158
\lightrulewidth=\dimen159
\cmidrulewidth=\dimen160
\belowrulesep=\dimen161
\belowbottomsep=\dimen162
\aboverulesep=\dimen163
\abovetopsep=\dimen164
\cmidrulesep=\dimen165
\cmidrulekern=\dimen166
\defaultaddspace=\dimen167
\@cmidla=\count274
\@cmidlb=\count275
\@aboverulesep=\dimen168
\@belowrulesep=\dimen169
\@thisruleclass=\count276
\@lastruleclass=\count277
\@thisrulewidth=\dimen170
)
(/usr/share/texlive/texmf-dist/tex/latex/tools/longtable.sty
Package: longtable 2021-09-01 v4.17 Multi-page Table package (DPC)
\LTleft=\skip52
\LTright=\skip53
\LTpre=\skip54
\LTpost=\skip55
\LTchunksize=\count278
\LTcapwidth=\dimen171
\LT@head=\box52
\LT@firsthead=\box53
\LT@foot=\box54
\LT@lastfoot=\box55
\LT@gbox=\box56
\LT@cols=\count279
\LT@rows=\count280
\c@LT@tables=\count281
\c@LT@chunks=\count282
\LT@p@ftn=\toks23
)
(/usr/share/texlive/texmf-dist/tex/latex/hyperref/hyperref.sty
Package: hyperref 2021-06-07 v7.00m Hypertext links for LaTeX

(/usr/share/texlive/texmf-dist/tex/generic/ltxcmds/ltxcmds.sty
Package: ltxcmds 2020-05-10 v1.25 LaTeX kernel commands for general use (HO)
)
(/usr/share/texlive/texmf-dist/tex/generic/pdftexcmds/pdftexcmds.sty
Package: pdftexcmds 2020-06-27 v0.33 Utility functions of pdfTeX for LuaTeX (HO
)

(/usr/share/texlive/texmf-dist/tex/generic/infwarerr/infwarerr.sty
Package: infwarerr 2019/12/03 v1.5 Providing info/warning/error messages (HO)
)
Package pdftexcmds Info: \pdf@primitive is available.
Package pdftexcmds Info: \pdf@ifprimitive is available.
Package pdftexcmds Info: \pdfdraftmode found.
)
(/usr/share/texlive/texmf-dist/tex/generic/kvsetkeys/kvsetkeys.sty
Package: kvsetkeys 2019/12/15 v1.18 Key value parser (HO)
)
(/usr/share/texlive/texmf-dist/tex/generic/kvdefinekeys/kvdefinekeys.sty
Package: kvdefinekeys 2019-12-19 v1.6 Define keys (HO)
)
(/usr/share/texlive/texmf-dist/tex/generic/pdfescape/pdfescape.sty
Package: pdfescape 2019/12/09 v1.15 Implements pdfTeX's escape features (HO)
)
(/usr/share/texlive/texmf-dist/tex/latex/hycolor/hycolor.sty
Package: hycolor 2020-01-27 v1.10 Color options for hyperref/bookmark (HO)
)
(/usr/share/texlive/texmf-dist/tex/latex/letltxmacro/letltxmacro.sty
Package: letltxmacro 2019/12/03 v1.6 Let assignment for LaTeX macros (HO)
)
(/usr/share/texlive/texmf-dist/tex/latex/auxhook/auxhook.sty
Package: auxhook 2019-12-17 v1.6 Hooks for auxiliary files (HO)
)
(/usr/share/texlive/texmf-dist/tex/latex/kvoptions/kvoptions.sty
Package: kvoptions 2020-10-07 v3.14 Key value format for package options (HO)
)
\@linkdim=\dimen172
\Hy@linkcounter=\count283
\Hy@pagecounter=\count284

(/usr/share/texlive/texmf-dist/tex/latex/hyperref/pd1enc.def
File: pd1enc.def 2021-06-07 v7.00m Hyperref: PDFDocEncoding definition (HO)
Now handling font encoding PD1 ...
... no UTF-8 mapping file for font encoding PD1
)
(/usr/share/texlive/texmf-dist/tex/latex/hyperref/hyperref-langpatches.def
File: hyperref-langpatches.def 2021-06-07 v7.00m Hyperref: patches for babel la
nguages
)
(/usr/share/texlive/texmf-dist/tex/generic/intcalc/intcalc.sty
Package: intcalc 2019/12/15 v1.3 Expandable calculations with integers (HO)
)
(/usr/share/texlive/texmf-dist/tex/generic/etexcmds/etexcmds.sty
Package: etexcmds 2019/12/15 v1.7 Avoid name clashes with e-TeX commands (HO)
)
\Hy@SavedSpaceFactor=\count285

(/usr/share/texlive/texmf-dist/tex/latex/hyperref/puenc.def
File: puenc.def 2021-06-07 v7.00m Hyperref: PDF Unicode definition (HO)
Now handling font encoding PU ...
... no UTF-8 mapping file for font encoding PU
)
Package hyperref Info: Hyper figures OFF on input line 4192.
Package hyperref Info: Link nesting OFF on input line 4197.
Package hyperref Info: Hyper index ON on input line 4200.
Package hyperref Info: Plain pages OFF on input line 4207.
Package hyperref Info: Backreferencing OFF on input line 4212.
Package hyperref Info: Implicit mode ON; LaTeX internals redefined.
Package hyperref Info: Bookmarks ON on input line 4445.
\c@Hy@tempcnt=\count286

(/usr/share/texlive/texmf-dist/tex/latex/url/url.sty
\Urlmuskip=\muskip17
Package: url 2013/09/16  ver 3.4  Verb mode for urls, etc.
)
LaTeX Info: Redefining \url on input line 4804.
\XeTeXLinkMargin=\dimen173

(/usr/share/texlive/texmf-dist/tex/generic/bitset/bitset.sty
Package: bitset 2019/12/09 v1.3 Handle bit-vector datatype (HO)

(/usr/share/texlive/texmf-dist/tex/generic/bigintcalc/bigintcalc.sty
Package: bigintcalc 2019/12/15 v1.5 Expandable calculations on big integers (HO
)
))
\Fld@menulength=\count287
\Field@Width=\dimen174
\Fld@charsize=\dimen175
Package hyperref Info: Hyper figures OFF on input line 6076.
Package hyperref Info: Link nesting OFF on input line 6081.
Package hyperref Info: Hyper index ON on input line 6084.
Package hyperref Info: backreferencing OFF on input line 6091.
Package hyperref Info: Link coloring OFF on input line 6096.
Package hyperref Info: Link coloring with OCG OFF on input line 6101.
Package hyperref Info: PDF/A mode OFF on input line 6106.
LaTeX Info: Redefining \ref on input line 6146.
LaTeX Info: Redefining \pageref on input line 6150.

(/usr/share/texlive/texmf-dist/tex/latex/base/atbegshi-ltx.sty
Package: atbegshi-ltx 2021/01/10 v1.0c Emulation of the original atbegshi
package with kernel methods
)
\Hy@abspage=\count288
\c@Item=\count289
\c@Hfootnote=\count290
)
Package hyperref Info: Driver (autodetected): hpdftex.

(/usr/share/texlive/texmf-dist/tex/latex/hyperref/hpdftex.def
File: hpdftex.def 2021-06-07 v7.00m Hyperref driver for pdfTeX

(/usr/share/texlive/texmf-dist/tex/latex/base/atveryend-ltx.sty
Package: atveryend-ltx 2020/08/19 v1.0a Emulation of the original atveryend pac
kage
with kernel methods
)
\Fld@listcount=\count291
\c@bookmark@seq@number=\count292

(/usr/share/texlive/texmf-dist/tex/latex/rerunfilecheck/rerunfilecheck.sty
Package: rerunfilecheck 2019/12/05 v1.9 Rerun checks for auxiliary files (HO)

(/usr/share/texlive/texmf-dist/tex/generic/uniquecounter/uniquecounter.sty
Package: uniquecounter 2019/12/15 v1.4 Provide unlimited unique counter (HO)
)
Package uniquecounter Info: New unique counter `rerunfilecheck' on input line 2
86.
)
\Hy@SectionHShift=\skip56
)
(/usr/share/texlive/texmf-dist/tex/latex/placeins/placeins.sty
Package: placeins 2005/04/18  v 2.2
)
(/usr/share/texlive/texmf-dist/tex/latex/xcolor/xcolor.sty
Package: xcolor 2021/10/31 v2.13 LaTeX color extensions (UK)

(/usr/share/texlive/texmf-dist/tex/latex/graphics-cfg/color.cfg
File: color.cfg 2016/01/02 v1.6 sample color configuration
)
Package xcolor Info: Driver file: pdftex.def on input line 227.
Package xcolor Info: Model `cmy' substituted by `cmy0' on input line 1352.
Package xcolor Info: Model `hsb' substituted by `rgb' on input line 1356.
Package xcolor Info: Model `RGB' extended on input line 1368.
Package xcolor Info: Model `HTML' substituted by `rgb' on input line 1370.
Package xcolor Info: Model `Hsb' substituted by `hsb' on input line 1371.
Package xcolor Info: Model `tHsb' substituted by `hsb' on input line 1372.
Package xcolor Info: Model `HSB' substituted by `hsb' on input line 1373.
Package xcolor Info: Model `Gray' substituted by `gray' on input line 1374.
Package xcolor Info: Model `wave' substituted by `hsb' on input line 1375.
)
(/usr/share/texlive/texmf-dist/tex/latex/caption/caption.sty
Package: caption 2020/10/26 v3.5g Customizing captions (AR)

(/usr/share/texlive/texmf-dist/tex/latex/caption/caption3.sty
Package: caption3 2020/10/21 v2.2e caption3 kernel (AR)
\captionmargin=\dimen176
\captionmargin@=\dimen177
\captionwidth=\dimen178
\caption@tempdima=\dimen179
\caption@indent=\dimen180
\caption@parindent=\dimen181
\caption@hangindent=\dimen182
Package caption Info: Standard document class detected.
)
\c@caption@flags=\count293
\c@continuedfloat=\count294
Package caption Info: hyperref package is loaded.
Package caption Info: longtable package is loaded.

(/usr/share/texlive/texmf-dist/tex/latex/caption/ltcaption.sty
Package: ltcaption 2020/05/30 v1.4b longtable captions (AR)
))
(/usr/share/texlive/texmf-dist/tex/latex/caption/subcaption.sty
Package: subcaption 2020/10/07 v1.3j Sub-captions (AR)
\c@subfigure=\count295
\c@subtable=\count296
)
(/usr/share/texlive/texmf-dist/tex/latex/enumitem/enumitem.sty
Package: enumitem 2019/06/20 v3.9 Customized lists
\labelindent=\skip57
\enit@outerparindent=\dimen183
\enit@toks=\toks24
\enit@inbox=\box57
\enit@count@id=\count297
\enitdp@description=\count298
)
(/usr/share/texlive/texmf-dist/tex/latex/algorithms/algorithm.sty
Package: algorithm 2009/08/24 v0.1 Document Style `algorithm' - floating enviro
nment

(/usr/share/texlive/texmf-dist/tex/latex/float/float.sty
Package: float 2001/11/08 v1.3d Float enhancements (AL)
\c@float@type=\count299
\float@exts=\toks25
\float@box=\box58
\@float@everytoks=\toks26
\@floatcapt=\box59
)
(/usr/share/texlive/texmf-dist/tex/latex/base/ifthen.sty
Package: ifthen 2020/11/24 v1.1c Standard LaTeX ifthen package (DPC)
)
\@float@every@algorithm=\toks27
\c@algorithm=\count300
)
(/usr/share/texlive/texmf-dist/tex/latex/algorithmicx/algpseudocode.sty
Package: algpseudocode 

(/usr/share/texlive/texmf-dist/tex/latex/algorithmicx/algorithmicx.sty
Package: algorithmicx 2005/04/27 v1.2 Algorithmicx

Document Style algorithmicx 1.2 - a greatly improved `algorithmic' style
\c@ALG@line=\count301
\c@ALG@rem=\count302
\c@ALG@nested=\count303
\ALG@tlm=\skip58
\ALG@thistlm=\skip59
\c@ALG@Lnr=\count304
\c@ALG@blocknr=\count305
\c@ALG@storecount=\count306
\c@ALG@tmpcounter=\count307
\ALG@tmplength=\skip60
)
Document Style - pseudocode environments for use with the `algorithmicx' style
)
Package hyperref Info: Option `colorlinks' set `true' on input line 16.
 (/usr/share/texlive/texmf-dist/tex/latex/l3backend/l3backend-pdftex.def
File: l3backend-pdftex.def 2022-01-12 L3 backend support: PDF output (pdfTeX)
\l__color_backend_stack_int=\count308
\l__pdf_internal_box=\box60
)
(./highOrderManufacturedFDAImplicit.aux)
\openout1 = `highOrderManufacturedFDAImplicit.aux'.

LaTeX Font Info:    Checking defaults for OML/cmm/m/it on input line 26.
LaTeX Font Info:    ... okay on input line 26.
LaTeX Font Info:    Checking defaults for OMS/cmsy/m/n on input line 26.
LaTeX Font Info:    ... okay on input line 26.
LaTeX Font Info:    Checking defaults for OT1/cmr/m/n on input line 26.
LaTeX Font Info:    ... okay on input line 26.
LaTeX Font Info:    Checking defaults for T1/cmr/m/n on input line 26.
LaTeX Font Info:    ... okay on input line 26.
LaTeX Font Info:    Checking defaults for TS1/cmr/m/n on input line 26.
LaTeX Font Info:    ... okay on input line 26.
LaTeX Font Info:    Checking defaults for OMX/cmex/m/n on input line 26.
LaTeX Font Info:    ... okay on input line 26.
LaTeX Font Info:    Checking defaults for U/cmr/m/n on input line 26.
LaTeX Font Info:    ... okay on input line 26.
LaTeX Font Info:    Checking defaults for PD1/pdf/m/n on input line 26.
LaTeX Font Info:    ... okay on input line 26.
LaTeX Font Info:    Checking defaults for PU/pdf/m/n on input line 26.
LaTeX Font Info:    ... okay on input line 26.

*geometry* driver: auto-detecting
*geometry* detected driver: pdftex
*geometry* verbose mode - [ preamble ] result:
* driver: pdftex
* paper: a4paper
* layout: <same size as paper>
* layoutoffset:(h,v)=(0.0pt,0.0pt)
* modes: 
* h-part:(L,W,R)=(72.26999pt, 452.9679pt, 72.26999pt)
* v-part:(T,H,B)=(72.26999pt, 700.50687pt, 72.26999pt)
* \paperwidth=597.50787pt
* \paperheight=845.04684pt
* \textwidth=452.9679pt
* \textheight=700.50687pt
* \oddsidemargin=0.0pt
* \evensidemargin=0.0pt
* \topmargin=-37.0pt
* \headheight=12.0pt
* \headsep=25.0pt
* \topskip=11.0pt
* \footskip=30.0pt
* \marginparwidth=50.0pt
* \marginparsep=10.0pt
* \columnsep=10.0pt
* \skip\footins=10.0pt plus 4.0pt minus 2.0pt
* \hoffset=0.0pt
* \voffset=0.0pt
* \mag=1000
* \@twocolumnfalse
* \@twosidefalse
* \@mparswitchfalse
* \@reversemarginfalse
* (1in=72.27pt=25.4mm, 1cm=28.453pt)

(/usr/share/texlive/texmf-dist/tex/context/base/mkii/supp-pdf.mkii
[Loading MPS to PDF converter (version 2006.09.02).]
\scratchcounter=\count309
\scratchdimen=\dimen184
\scratchbox=\box61
\nofMPsegments=\count310
\nofMParguments=\count311
\everyMPshowfont=\toks28
\MPscratchCnt=\count312
\MPscratchDim=\dimen185
\MPnumerator=\count313
\makeMPintoPDFobject=\count314
\everyMPtoPDFconversion=\toks29
) (/usr/share/texlive/texmf-dist/tex/latex/epstopdf-pkg/epstopdf-base.sty
Package: epstopdf-base 2020-01-24 v2.11 Base part for package epstopdf
Package epstopdf-base Info: Redefining graphics rule for `.eps' on input line 4
85.

(/usr/share/texlive/texmf-dist/tex/latex/latexconfig/epstopdf-sys.cfg
File: epstopdf-sys.cfg 2010/07/13 v1.3 Configuration of (r)epstopdf for TeX Liv
e
))
Package hyperref Info: Link coloring ON on input line 26.

(/usr/share/texlive/texmf-dist/tex/latex/hyperref/nameref.sty
Package: nameref 2021-04-02 v2.47 Cross-referencing by name of section

(/usr/share/texlive/texmf-dist/tex/latex/refcount/refcount.sty
Package: refcount 2019/12/15 v3.6 Data extraction from label references (HO)
)
(/usr/share/texlive/texmf-dist/tex/generic/gettitlestring/gettitlestring.sty
Package: gettitlestring 2019/12/15 v1.6 Cleanup title references (HO)
)
\c@section@level=\count315
)
LaTeX Info: Redefining \ref on input line 26.
LaTeX Info: Redefining \pageref on input line 26.
LaTeX Info: Redefining \nameref on input line 26.

(./highOrderManufacturedFDAImplicit.out)
(./highOrderManufacturedFDAImplicit.out)
\@outlinefile=\write3
\openout3 = `highOrderManufacturedFDAImplicit.out'.

Package caption Info: Begin \AtBeginDocument code.
Package caption Info: float package is loaded.
Package caption Info: End \AtBeginDocument code.
LaTeX Font Info:    Trying to load font information for U+msa on input line 28.


(/usr/share/texlive/texmf-dist/tex/latex/amsfonts/umsa.fd
File: umsa.fd 2013/01/14 v3.01 AMS symbols A
)
LaTeX Font Info:    Trying to load font information for U+msb on input line 28.


(/usr/share/texlive/texmf-dist/tex/latex/amsfonts/umsb.fd
File: umsb.fd 2013/01/14 v3.01 AMS symbols B
) [1

{/var/lib/texmf/fonts/map/pdftex/updmap/pdftex.map}]

Package hyperref Warning: Token not allowed in a PDF string (Unicode):
(hyperref)                removing `math shift' on input line 70.


Package hyperref Warning: Token not allowed in a PDF string (Unicode):
(hyperref)                removing `subscript' on input line 70.


Package hyperref Warning: Token not allowed in a PDF string (Unicode):
(hyperref)                removing `math shift' on input line 70.

[2]
Overfull \hbox (21.68254pt too wide) in paragraph at lines 162--169
\OT1/cmr/m/n/10.95 two nested fixed-point mech-a-nisms that are ac-tu-ally ac-t
ive in \OT1/cmtt/m/n/10.95 highOrderManufacturedFDAImplicit\OT1/cmr/m/n/10.95 .

 []


Overfull \hbox (0.78394pt too wide) in paragraph at lines 185--188
[]\OT1/cmr/m/n/10.95 The state up-date has its own lo-cal fixed-point loop con-
trolled by \OT1/cmtt/m/n/10.95 stateImplicitIterations\OT1/cmr/m/n/10.95 ,
 []

[3]
Package hyperref Info: bookmark level for unknown algorithm defaults to 0 on in
put line 225.


LaTeX Warning: `h' float specifier changed to `ht'.

[4] (./tables/implicit_orders_2D_dt_1p0em03.tex [5])
(./tables/implicit_orders_2D_dt_1p0em04.tex) [6]
<figures/implicit_2D_backwardEuler_consistent_Vm_L2_dt_1p0em03.pdf, id=145, 623
.32875pt x 447.6725pt>
File: figures/implicit_2D_backwardEuler_consistent_Vm_L2_dt_1p0em03.pdf Graphic
 file (type pdf)
<use figures/implicit_2D_backwardEuler_consistent_Vm_L2_dt_1p0em03.pdf>
Package pdftex.def Info: figures/implicit_2D_backwardEuler_consistent_Vm_L2_dt_
1p0em03.pdf  used on input line 313.
(pdftex.def)             Requested size: 219.6897pt x 157.78067pt.
<figures/implicit_2D_backwardEuler_consistent_Vm_G2_dt_1p0em03.pdf, id=146, 629
.35126pt x 443.6575pt>
File: figures/implicit_2D_backwardEuler_consistent_Vm_G2_dt_1p0em03.pdf Graphic
 file (type pdf)
<use figures/implicit_2D_backwardEuler_consistent_Vm_G2_dt_1p0em03.pdf>
Package pdftex.def Info: figures/implicit_2D_backwardEuler_consistent_Vm_G2_dt_
1p0em03.pdf  used on input line 320.
(pdftex.def)             Requested size: 219.6897pt x 154.86949pt.
<figures/implicit_2D_backwardEuler_consistent_u1_L2_dt_1p0em03.pdf, id=147, 629
.35126pt x 443.6575pt>
File: figures/implicit_2D_backwardEuler_consistent_u1_L2_dt_1p0em03.pdf Graphic
 file (type pdf)
<use figures/implicit_2D_backwardEuler_consistent_u1_L2_dt_1p0em03.pdf>
Package pdftex.def Info: figures/implicit_2D_backwardEuler_consistent_u1_L2_dt_
1p0em03.pdf  used on input line 327.
(pdftex.def)             Requested size: 219.6897pt x 154.86949pt.
<figures/implicit_2D_backwardEuler_consistent_u1_G2_dt_1p0em03.pdf, id=148, 629
.35126pt x 443.6575pt>
File: figures/implicit_2D_backwardEuler_consistent_u1_G2_dt_1p0em03.pdf Graphic
 file (type pdf)
<use figures/implicit_2D_backwardEuler_consistent_u1_G2_dt_1p0em03.pdf>
Package pdftex.def Info: figures/implicit_2D_backwardEuler_consistent_u1_G2_dt_
1p0em03.pdf  used on input line 334.
(pdftex.def)             Requested size: 219.6897pt x 154.86949pt.
<figures/implicit_2D_backwardEuler_consistent_u2_L2_dt_1p0em03.pdf, id=149, 629
.35126pt x 443.6575pt>
File: figures/implicit_2D_backwardEuler_consistent_u2_L2_dt_1p0em03.pdf Graphic
 file (type pdf)
<use figures/implicit_2D_backwardEuler_consistent_u2_L2_dt_1p0em03.pdf>
Package pdftex.def Info: figures/implicit_2D_backwardEuler_consistent_u2_L2_dt_
1p0em03.pdf  used on input line 341.
(pdftex.def)             Requested size: 219.6897pt x 154.86949pt.
<figures/implicit_2D_backwardEuler_consistent_u2_G2_dt_1p0em03.pdf, id=150, 629
.35126pt x 443.6575pt>
File: figures/implicit_2D_backwardEuler_consistent_u2_G2_dt_1p0em03.pdf Graphic
 file (type pdf)
<use figures/implicit_2D_backwardEuler_consistent_u2_G2_dt_1p0em03.pdf>
Package pdftex.def Info: figures/implicit_2D_backwardEuler_consistent_u2_G2_dt_
1p0em03.pdf  used on input line 348.
(pdftex.def)             Requested size: 219.6897pt x 154.86949pt.
<figures/implicit_2D_backwardEuler_lumped_Vm_L2_dt_1p0em03.pdf, id=151, 634.37p
t x 439.6425pt>
File: figures/implicit_2D_backwardEuler_lumped_Vm_L2_dt_1p0em03.pdf Graphic fil
e (type pdf)
<use figures/implicit_2D_backwardEuler_lumped_Vm_L2_dt_1p0em03.pdf>
Package pdftex.def Info: figures/implicit_2D_backwardEuler_lumped_Vm_L2_dt_1p0e
m03.pdf  used on input line 360.
(pdftex.def)             Requested size: 219.6897pt x 152.25374pt.
<figures/implicit_2D_backwardEuler_lumped_Vm_G2_dt_1p0em03.pdf, id=152, 629.351
26pt x 443.6575pt>
File: figures/implicit_2D_backwardEuler_lumped_Vm_G2_dt_1p0em03.pdf Graphic fil
e (type pdf)
<use figures/implicit_2D_backwardEuler_lumped_Vm_G2_dt_1p0em03.pdf>
Package pdftex.def Info: figures/implicit_2D_backwardEuler_lumped_Vm_G2_dt_1p0e
m03.pdf  used on input line 367.
(pdftex.def)             Requested size: 219.6897pt x 154.86949pt.
<figures/implicit_2D_backwardEuler_lumped_u1_L2_dt_1p0em03.pdf, id=153, 629.351
26pt x 443.6575pt>
File: figures/implicit_2D_backwardEuler_lumped_u1_L2_dt_1p0em03.pdf Graphic fil
e (type pdf)
<use figures/implicit_2D_backwardEuler_lumped_u1_L2_dt_1p0em03.pdf>
Package pdftex.def Info: figures/implicit_2D_backwardEuler_lumped_u1_L2_dt_1p0e
m03.pdf  used on input line 374.
(pdftex.def)             Requested size: 219.6897pt x 154.86949pt.
<figures/implicit_2D_backwardEuler_lumped_u1_G2_dt_1p0em03.pdf, id=154, 634.37p
t x 439.6425pt>
File: figures/implicit_2D_backwardEuler_lumped_u1_G2_dt_1p0em03.pdf Graphic fil
e (type pdf)
<use figures/implicit_2D_backwardEuler_lumped_u1_G2_dt_1p0em03.pdf>
Package pdftex.def Info: figures/implicit_2D_backwardEuler_lumped_u1_G2_dt_1p0e
m03.pdf  used on input line 381.
(pdftex.def)             Requested size: 219.6897pt x 152.25374pt.
<figures/implicit_2D_backwardEuler_lumped_u2_L2_dt_1p0em03.pdf, id=155, 629.351
26pt x 443.6575pt>
File: figures/implicit_2D_backwardEuler_lumped_u2_L2_dt_1p0em03.pdf Graphic fil
e (type pdf)
<use figures/implicit_2D_backwardEuler_lumped_u2_L2_dt_1p0em03.pdf>
Package pdftex.def Info: figures/implicit_2D_backwardEuler_lumped_u2_L2_dt_1p0e
m03.pdf  used on input line 388.
(pdftex.def)             Requested size: 219.6897pt x 154.86949pt.
<figures/implicit_2D_backwardEuler_lumped_u2_G2_dt_1p0em03.pdf, id=156, 629.351
26pt x 443.6575pt>
File: figures/implicit_2D_backwardEuler_lumped_u2_G2_dt_1p0em03.pdf Graphic fil
e (type pdf)
<use figures/implicit_2D_backwardEuler_lumped_u2_G2_dt_1p0em03.pdf>
Package pdftex.def Info: figures/implicit_2D_backwardEuler_lumped_u2_G2_dt_1p0e
m03.pdf  used on input line 395.
(pdftex.def)             Requested size: 219.6897pt x 154.86949pt.
<figures/implicit_2D_crankNicolson_consistent_Vm_L2_dt_1p0em03.pdf, id=157, 629
.35126pt x 443.6575pt>
File: figures/implicit_2D_crankNicolson_consistent_Vm_L2_dt_1p0em03.pdf Graphic
 file (type pdf)
<use figures/implicit_2D_crankNicolson_consistent_Vm_L2_dt_1p0em03.pdf>
Package pdftex.def Info: figures/implicit_2D_crankNicolson_consistent_Vm_L2_dt_
1p0em03.pdf  used on input line 407.
(pdftex.def)             Requested size: 219.6897pt x 154.86949pt.
<figures/implicit_2D_crankNicolson_consistent_Vm_G2_dt_1p0em03.pdf, id=158, 629
.35126pt x 443.6575pt>
File: figures/implicit_2D_crankNicolson_consistent_Vm_G2_dt_1p0em03.pdf Graphic
 file (type pdf)
<use figures/implicit_2D_crankNicolson_consistent_Vm_G2_dt_1p0em03.pdf>
Package pdftex.def Info: figures/implicit_2D_crankNicolson_consistent_Vm_G2_dt_
1p0em03.pdf  used on input line 414.
(pdftex.def)             Requested size: 219.6897pt x 154.86949pt.
<figures/implicit_2D_crankNicolson_consistent_u1_L2_dt_1p0em03.pdf, id=159, 634
.37pt x 439.6425pt>
File: figures/implicit_2D_crankNicolson_consistent_u1_L2_dt_1p0em03.pdf Graphic
 file (type pdf)
<use figures/implicit_2D_crankNicolson_consistent_u1_L2_dt_1p0em03.pdf>
Package pdftex.def Info: figures/implicit_2D_crankNicolson_consistent_u1_L2_dt_
1p0em03.pdf  used on input line 421.
(pdftex.def)             Requested size: 219.6897pt x 152.25374pt.
<figures/implicit_2D_crankNicolson_consistent_u1_G2_dt_1p0em03.pdf, id=160, 629
.35126pt x 443.6575pt>
File: figures/implicit_2D_crankNicolson_consistent_u1_G2_dt_1p0em03.pdf Graphic
 file (type pdf)
<use figures/implicit_2D_crankNicolson_consistent_u1_G2_dt_1p0em03.pdf>
Package pdftex.def Info: figures/implicit_2D_crankNicolson_consistent_u1_G2_dt_
1p0em03.pdf  used on input line 428.
(pdftex.def)             Requested size: 219.6897pt x 154.86949pt.
<figures/implicit_2D_crankNicolson_consistent_u2_L2_dt_1p0em03.pdf, id=161, 634
.37pt x 439.6425pt>
File: figures/implicit_2D_crankNicolson_consistent_u2_L2_dt_1p0em03.pdf Graphic
 file (type pdf)
<use figures/implicit_2D_crankNicolson_consistent_u2_L2_dt_1p0em03.pdf>
Package pdftex.def Info: figures/implicit_2D_crankNicolson_consistent_u2_L2_dt_
1p0em03.pdf  used on input line 435.
(pdftex.def)             Requested size: 219.6897pt x 152.25374pt.
<figures/implicit_2D_crankNicolson_consistent_u2_G2_dt_1p0em03.pdf, id=162, 629
.35126pt x 443.6575pt>
File: figures/implicit_2D_crankNicolson_consistent_u2_G2_dt_1p0em03.pdf Graphic
 file (type pdf)
<use figures/implicit_2D_crankNicolson_consistent_u2_G2_dt_1p0em03.pdf>
Package pdftex.def Info: figures/implicit_2D_crankNicolson_consistent_u2_G2_dt_
1p0em03.pdf  used on input line 442.
(pdftex.def)             Requested size: 219.6897pt x 154.86949pt.
<figures/implicit_2D_crankNicolson_lumped_Vm_L2_dt_1p0em03.pdf, id=163, 634.37p
t x 439.6425pt>
File: figures/implicit_2D_crankNicolson_lumped_Vm_L2_dt_1p0em03.pdf Graphic fil
e (type pdf)
<use figures/implicit_2D_crankNicolson_lumped_Vm_L2_dt_1p0em03.pdf>
Package pdftex.def Info: figures/implicit_2D_crankNicolson_lumped_Vm_L2_dt_1p0e
m03.pdf  used on input line 454.
(pdftex.def)             Requested size: 219.6897pt x 152.25374pt.
<figures/implicit_2D_crankNicolson_lumped_Vm_G2_dt_1p0em03.pdf, id=164, 629.351
26pt x 443.6575pt>
File: figures/implicit_2D_crankNicolson_lumped_Vm_G2_dt_1p0em03.pdf Graphic fil
e (type pdf)
<use figures/implicit_2D_crankNicolson_lumped_Vm_G2_dt_1p0em03.pdf>
Package pdftex.def Info: figures/implicit_2D_crankNicolson_lumped_Vm_G2_dt_1p0e
m03.pdf  used on input line 461.
(pdftex.def)             Requested size: 219.6897pt x 154.86949pt.
<figures/implicit_2D_crankNicolson_lumped_u1_L2_dt_1p0em03.pdf, id=165, 629.351
26pt x 443.6575pt>
File: figures/implicit_2D_crankNicolson_lumped_u1_L2_dt_1p0em03.pdf Graphic fil
e (type pdf)
<use figures/implicit_2D_crankNicolson_lumped_u1_L2_dt_1p0em03.pdf>
Package pdftex.def Info: figures/implicit_2D_crankNicolson_lumped_u1_L2_dt_1p0e
m03.pdf  used on input line 468.
(pdftex.def)             Requested size: 219.6897pt x 154.86949pt.
<figures/implicit_2D_crankNicolson_lumped_u1_G2_dt_1p0em03.pdf, id=166, 634.37p
t x 439.6425pt>
File: figures/implicit_2D_crankNicolson_lumped_u1_G2_dt_1p0em03.pdf Graphic fil
e (type pdf)
<use figures/implicit_2D_crankNicolson_lumped_u1_G2_dt_1p0em03.pdf>
Package pdftex.def Info: figures/implicit_2D_crankNicolson_lumped_u1_G2_dt_1p0e
m03.pdf  used on input line 475.
(pdftex.def)             Requested size: 219.6897pt x 152.25374pt.
<figures/implicit_2D_crankNicolson_lumped_u2_L2_dt_1p0em03.pdf, id=167, 629.351
26pt x 443.6575pt>
File: figures/implicit_2D_crankNicolson_lumped_u2_L2_dt_1p0em03.pdf Graphic fil
e (type pdf)
<use figures/implicit_2D_crankNicolson_lumped_u2_L2_dt_1p0em03.pdf>
Package pdftex.def Info: figures/implicit_2D_crankNicolson_lumped_u2_L2_dt_1p0e
m03.pdf  used on input line 482.
(pdftex.def)             Requested size: 219.6897pt x 154.86949pt.
<figures/implicit_2D_crankNicolson_lumped_u2_G2_dt_1p0em03.pdf, id=168, 629.351
26pt x 443.6575pt>
File: figures/implicit_2D_crankNicolson_lumped_u2_G2_dt_1p0em03.pdf Graphic fil
e (type pdf)
<use figures/implicit_2D_crankNicolson_lumped_u2_G2_dt_1p0em03.pdf>
Package pdftex.def Info: figures/implicit_2D_crankNicolson_lumped_u2_G2_dt_1p0e
m03.pdf  used on input line 489.
(pdftex.def)             Requested size: 219.6897pt x 154.86949pt.
<figures/implicit_2D_crankNicolson_consistent_Vm_L2_dt_1p0em04.pdf, id=169, 629
.35126pt x 443.6575pt>
File: figures/implicit_2D_crankNicolson_consistent_Vm_L2_dt_1p0em04.pdf Graphic
 file (type pdf)
<use figures/implicit_2D_crankNicolson_consistent_Vm_L2_dt_1p0em04.pdf>
Package pdftex.def Info: figures/implicit_2D_crankNicolson_consistent_Vm_L2_dt_
1p0em04.pdf  used on input line 503.
(pdftex.def)             Requested size: 219.6897pt x 154.86949pt.
<figures/implicit_2D_crankNicolson_consistent_Vm_G2_dt_1p0em04.pdf, id=170, 629
.35126pt x 443.6575pt>
File: figures/implicit_2D_crankNicolson_consistent_Vm_G2_dt_1p0em04.pdf Graphic
 file (type pdf)
<use figures/implicit_2D_crankNicolson_consistent_Vm_G2_dt_1p0em04.pdf>
Package pdftex.def Info: figures/implicit_2D_crankNicolson_consistent_Vm_G2_dt_
1p0em04.pdf  used on input line 510.
(pdftex.def)             Requested size: 219.6897pt x 154.86949pt.
<figures/implicit_2D_crankNicolson_consistent_u1_L2_dt_1p0em04.pdf, id=171, 629
.35126pt x 443.6575pt>
File: figures/implicit_2D_crankNicolson_consistent_u1_L2_dt_1p0em04.pdf Graphic
 file (type pdf)
<use figures/implicit_2D_crankNicolson_consistent_u1_L2_dt_1p0em04.pdf>
Package pdftex.def Info: figures/implicit_2D_crankNicolson_consistent_u1_L2_dt_
1p0em04.pdf  used on input line 517.
(pdftex.def)             Requested size: 219.6897pt x 154.86949pt.
<figures/implicit_2D_crankNicolson_consistent_u1_G2_dt_1p0em04.pdf, id=172, 634
.37pt x 439.6425pt>
File: figures/implicit_2D_crankNicolson_consistent_u1_G2_dt_1p0em04.pdf Graphic
 file (type pdf)
<use figures/implicit_2D_crankNicolson_consistent_u1_G2_dt_1p0em04.pdf>
Package pdftex.def Info: figures/implicit_2D_crankNicolson_consistent_u1_G2_dt_
1p0em04.pdf  used on input line 524.
(pdftex.def)             Requested size: 219.6897pt x 152.25374pt.
<figures/implicit_2D_crankNicolson_consistent_u2_L2_dt_1p0em04.pdf, id=173, 629
.35126pt x 443.6575pt>
File: figures/implicit_2D_crankNicolson_consistent_u2_L2_dt_1p0em04.pdf Graphic
 file (type pdf)
<use figures/implicit_2D_crankNicolson_consistent_u2_L2_dt_1p0em04.pdf>
Package pdftex.def Info: figures/implicit_2D_crankNicolson_consistent_u2_L2_dt_
1p0em04.pdf  used on input line 531.
(pdftex.def)             Requested size: 219.6897pt x 154.86949pt.
<figures/implicit_2D_crankNicolson_consistent_u2_G2_dt_1p0em04.pdf, id=174, 629
.35126pt x 443.6575pt>
File: figures/implicit_2D_crankNicolson_consistent_u2_G2_dt_1p0em04.pdf Graphic
 file (type pdf)
<use figures/implicit_2D_crankNicolson_consistent_u2_G2_dt_1p0em04.pdf>
Package pdftex.def Info: figures/implicit_2D_crankNicolson_consistent_u2_G2_dt_
1p0em04.pdf  used on input line 538.
(pdftex.def)             Requested size: 219.6897pt x 154.86949pt.
 [7] [8 <./figures/implicit_2D_backwardEuler_consistent_Vm_L2_dt_1p0em03.pdf> <
./figures/implicit_2D_backwardEuler_consistent_Vm_G2_dt_1p0em03.pdf> <./figures
/implicit_2D_backwardEuler_consistent_u1_L2_dt_1p0em03.pdf> <./figures/implicit
_2D_backwardEuler_consistent_u1_G2_dt_1p0em03.pdf> <./figures/implicit_2D_backw
ardEuler_consistent_u2_L2_dt_1p0em03.pdf> <./figures/implicit_2D_backwardEuler_
consistent_u2_G2_dt_1p0em03.pdf>] [9 <./figures/implicit_2D_backwardEuler_lumpe
d_Vm_L2_dt_1p0em03.pdf> <./figures/implicit_2D_backwardEuler_lumped_Vm_G2_dt_1p
0em03.pdf> <./figures/implicit_2D_backwardEuler_lumped_u1_L2_dt_1p0em03.pdf> <.
/figures/implicit_2D_backwardEuler_lumped_u1_G2_dt_1p0em03.pdf> <./figures/impl
icit_2D_backwardEuler_lumped_u2_L2_dt_1p0em03.pdf> <./figures/implicit_2D_backw
ardEuler_lumped_u2_G2_dt_1p0em03.pdf>] [10 <./figures/implicit_2D_crankNicolson
_consistent_Vm_L2_dt_1p0em03.pdf> <./figures/implicit_2D_crankNicolson_consiste
nt_Vm_G2_dt_1p0em03.pdf> <./figures/implicit_2D_crankNicolson_consistent_u1_L2_
dt_1p0em03.pdf> <./figures/implicit_2D_crankNicolson_consistent_u1_G2_dt_1p0em0
3.pdf> <./figures/implicit_2D_crankNicolson_consistent_u2_L2_dt_1p0em03.pdf> <.
/figures/implicit_2D_crankNicolson_consistent_u2_G2_dt_1p0em03.pdf>] [11 <./fig
ures/implicit_2D_crankNicolson_lumped_Vm_L2_dt_1p0em03.pdf> <./figures/implicit
_2D_crankNicolson_lumped_Vm_G2_dt_1p0em03.pdf> <./figures/implicit_2D_crankNico
lson_lumped_u1_L2_dt_1p0em03.pdf> <./figures/implicit_2D_crankNicolson_lumped_u
1_G2_dt_1p0em03.pdf> <./figures/implicit_2D_crankNicolson_lumped_u2_L2_dt_1p0em
03.pdf> <./figures/implicit_2D_crankNicolson_lumped_u2_G2_dt_1p0em03.pdf>] [12 
<./figures/implicit_2D_crankNicolson_consistent_Vm_L2_dt_1p0em04.pdf> <./figure
s/implicit_2D_crankNicolson_consistent_Vm_G2_dt_1p0em04.pdf> <./figures/implici
t_2D_crankNicolson_consistent_u1_L2_dt_1p0em04.pdf> <./figures/implicit_2D_cran
kNicolson_consistent_u1_G2_dt_1p0em04.pdf> <./figures/implicit_2D_crankNicolson
_consistent_u2_L2_dt_1p0em04.pdf> <./figures/implicit_2D_crankNicolson_consiste
nt_u2_G2_dt_1p0em04.pdf>]
[13] (./highOrderManufacturedFDAImplicit.aux)
Package rerunfilecheck Info: File `highOrderManufacturedFDAImplicit.out' has no
t changed.
(rerunfilecheck)             Checksum: D777493C18E44A11924AAFBEC5D255BF;2995.
 ) 
Here is how much of TeX's memory you used:
 13272 strings out of 478287
 224925 string characters out of 5849289
 585741 words of memory out of 5000000
 31191 multiletter control sequences out of 15000+600000
 481190 words of font info for 75 fonts, out of 8000000 for 9000
 1141 hyphenation exceptions out of 8191
 60i,10n,63p,877b,536s stack positions out of 5000i,500n,10000p,200000b,80000s
</usr/share/texlive/texmf-dist/fonts/type1/public/amsfonts/cm/cmbx10.pfb></us
r/share/texlive/texmf-dist/fonts/type1/public/amsfonts/cm/cmbx12.pfb></usr/shar
e/texlive/texmf-dist/fonts/type1/public/amsfonts/cm/cmex10.pfb></usr/share/texl
ive/texmf-dist/fonts/type1/public/amsfonts/cm/cmmi10.pfb></usr/share/texlive/te
xmf-dist/fonts/type1/public/amsfonts/cm/cmmi12.pfb></usr/share/texlive/texmf-di
st/fonts/type1/public/amsfonts/cm/cmmi5.pfb></usr/share/texlive/texmf-dist/font
s/type1/public/amsfonts/cm/cmmi6.pfb></usr/share/texlive/texmf-dist/fonts/type1
/public/amsfonts/cm/cmmi7.pfb></usr/share/texlive/texmf-dist/fonts/type1/public
/amsfonts/cm/cmmi8.pfb></usr/share/texlive/texmf-dist/fonts/type1/public/amsfon
ts/cm/cmr10.pfb></usr/share/texlive/texmf-dist/fonts/type1/public/amsfonts/cm/c
mr12.pfb></usr/share/texlive/texmf-dist/fonts/type1/public/amsfonts/cm/cmr17.pf
b></usr/share/texlive/texmf-dist/fonts/type1/public/amsfonts/cm/cmr5.pfb></usr/
share/texlive/texmf-dist/fonts/type1/public/amsfonts/cm/cmr6.pfb></usr/share/te
xlive/texmf-dist/fonts/type1/public/amsfonts/cm/cmr7.pfb></usr/share/texlive/te
xmf-dist/fonts/type1/public/amsfonts/cm/cmr8.pfb></usr/share/texlive/texmf-dist
/fonts/type1/public/amsfonts/cm/cmr9.pfb></usr/share/texlive/texmf-dist/fonts/t
ype1/public/amsfonts/cm/cmsy10.pfb></usr/share/texlive/texmf-dist/fonts/type1/p
ublic/amsfonts/cm/cmsy8.pfb></usr/share/texlive/texmf-dist/fonts/type1/public/a
msfonts/cm/cmtt10.pfb></usr/share/texlive/texmf-dist/fonts/type1/public/amsfont
s/cm/cmtt12.pfb></usr/share/texlive/texmf-dist/fonts/type1/public/amsfonts/cm/c
mtt8.pfb>
Output written on highOrderManufacturedFDAImplicit.pdf (13 pages, 1344203 bytes
).
PDF statistics:
 2104 PDF objects out of 2487 (max. 8388607)
 1995 compressed objects within 20 object streams
 66 named destinations out of 1000 (max. 500000)
 279 words of extra memory for PDF output out of 10000 (max. 10000000)

