\BOOKMARK [1][-]{section.1}{\376\377\000P\000u\000r\000p\000o\000s\000e\000\040\000a\000n\000d\000\040\000n\000o\000t\000a\000t\000i\000o\000n}{}% 1
\BOOKMARK [1][-]{section.2}{\376\377\000G\000o\000v\000e\000r\000n\000i\000n\000g\000\040\000e\000q\000u\000a\000t\000i\000o\000n\000s}{}% 2
\BOOKMARK [2][-]{subsection.2.1}{\376\377\000E\000l\000e\000c\000t\000r\000o\000p\000h\000y\000s\000i\000o\000l\000o\000g\000y\000\040\000m\000o\000t\000i\000v\000a\000t\000i\000o\000n}{section.2}% 3
\BOOKMARK [2][-]{subsection.2.2}{\376\377\000M\000a\000n\000u\000f\000a\000c\000t\000u\000r\000e\000d\000\040\000P\000D\000E\040\023\000O\000D\000E\000\040\000s\000y\000s\000t\000e\000m}{section.2}% 4
\BOOKMARK [2][-]{subsection.2.3}{\376\377\000E\000x\000a\000c\000t\000\040\000s\000o\000l\000u\000t\000i\000o\000n\000\040\000a\000n\000d\000\040\000t\000h\000e\000\040\000r\000o\000l\000e\000\040\000o\000f\000\040\000b\000e\000t\000a}{section.2}% 5
\BOOKMARK [1][-]{section.3}{\376\377\000S\000p\000a\000t\000i\000a\000l\000\040\000d\000i\000s\000c\000r\000e\000t\000i\000s\000a\000t\000i\000o\000n}{}% 6
\BOOKMARK [2][-]{subsection.3.1}{\376\377\000F\000i\000n\000i\000t\000e\000-\000v\000o\000l\000u\000m\000e\000\040\000i\000n\000t\000e\000g\000r\000a\000l\000\040\000f\000o\000r\000m}{section.3}% 7
\BOOKMARK [2][-]{subsection.3.2}{\376\377\000S\000t\000a\000n\000d\000a\000r\000d\000\040\000c\000e\000l\000l\000-\000c\000e\000n\000t\000r\000e\000d\000\040\000o\000p\000e\000r\000a\000t\000o\000r}{section.3}% 8
\BOOKMARK [2][-]{subsection.3.3}{\376\377\000H\000i\000g\000h\000-\000o\000r\000d\000e\000r\000\040\000L\000R\000E\000\040\000o\000p\000e\000r\000a\000t\000o\000r}{section.3}% 9
\BOOKMARK [2][-]{subsection.3.4}{\376\377\000L\000u\000m\000p\000e\000d\000\040\000a\000n\000d\000\040\000c\000o\000n\000s\000i\000s\000t\000e\000n\000t\000\040\000m\000a\000s\000s\000\040\000m\000a\000t\000r\000i\000c\000e\000s}{section.3}% 10
\BOOKMARK [2][-]{subsection.3.5}{\376\377\000H\000i\000g\000h\000-\000o\000r\000d\000e\000r\000\040\000a\000v\000e\000r\000a\000g\000i\000n\000g\000\040\000o\000f\000\040\000I\000i\000o\000n\000\040\000a\000n\000d\000\040\000s\000t\000a\000t\000e\000s}{section.3}% 11
\BOOKMARK [1][-]{section.4}{\376\377\000T\000i\000m\000e\000\040\000i\000n\000t\000e\000g\000r\000a\000t\000i\000o\000n}{}% 12
\BOOKMARK [2][-]{subsection.4.1}{\376\377\000T\000h\000e\000\040\000t\000h\000e\000t\000a\000\040\000m\000e\000t\000h\000o\000d}{section.4}% 13
\BOOKMARK [2][-]{subsection.4.2}{\376\377\000O\000D\000E\000\040\000s\000t\000a\000t\000e\000s\000\040\000i\000n\000s\000i\000d\000e\000\040\000o\000n\000e\000\040\000P\000D\000E\000\040\000t\000i\000m\000e\000\040\000s\000t\000e\000p}{section.4}% 14
\BOOKMARK [1][-]{section.5}{\376\377\000N\000o\000n\000l\000i\000n\000e\000a\000r\000\040\000c\000o\000u\000p\000l\000e\000d\000\040\000s\000o\000l\000v\000e}{}% 15
\BOOKMARK [2][-]{subsection.5.1}{\376\377\000R\000e\000s\000i\000d\000u\000a\000l\000\040\000a\000n\000d\000\040\000d\000i\000a\000g\000n\000o\000s\000t\000i\000c\000s}{section.5}% 16
\BOOKMARK [2][-]{subsection.5.2}{\376\377\000P\000i\000c\000a\000r\000d\000\040\000f\000i\000x\000e\000d\000-\000p\000o\000i\000n\000t\000\040\000m\000e\000t\000h\000o\000d}{section.5}% 17
\BOOKMARK [2][-]{subsection.5.3}{\376\377\000D\000i\000a\000g\000o\000n\000a\000l\000-\000I\000i\000o\000n\000\040\000l\000i\000n\000e\000a\000r\000i\000s\000a\000t\000i\000o\000n}{section.5}% 18
\BOOKMARK [2][-]{subsection.5.4}{\376\377\000J\000a\000c\000o\000b\000i\000a\000n\000-\000f\000r\000e\000e\000\040\000N\000e\000w\000t\000o\000n\040\023\000K\000r\000y\000l\000o\000v}{section.5}% 19
\BOOKMARK [2][-]{subsection.5.5}{\376\377\000A\000r\000m\000i\000j\000o\000\040\000l\000i\000n\000e\000\040\000s\000e\000a\000r\000c\000h\000\040\000a\000n\000d\000\040\000r\000o\000l\000l\000b\000a\000c\000k}{section.5}% 20
\BOOKMARK [1][-]{section.6}{\376\377\000L\000i\000n\000e\000a\000r\000-\000a\000l\000g\000e\000b\000r\000a\000\040\000b\000a\000c\000k\000e\000n\000d\000\040\000a\000n\000d\000\040\000i\000m\000p\000l\000e\000m\000e\000n\000t\000a\000t\000i\000o\000n\000\040\000n\000o\000t\000e\000s}{}% 21
\BOOKMARK [2][-]{subsection.6.1}{\376\377\000J\000F\000N\000K\000\040\000p\000r\000e\000c\000o\000n\000d\000i\000t\000i\000o\000n\000e\000r\000:\000\040\000d\000i\000a\000g\000o\000n\000a\000l\000I\000i\000o\000n\000\040\000I\000L\000U\000\050\000T\000\051}{section.6}% 22
\BOOKMARK [2][-]{subsection.6.2}{\376\377\000C\000h\000u\000n\000k\000e\000d\000\040\000a\000s\000s\000e\000m\000b\000l\000y\000\040\000o\000f\000\040\000M\000\040\000a\000n\000d\000\040\000K}{section.6}% 23
\BOOKMARK [2][-]{subsection.6.3}{\376\377\000M\000e\000m\000o\000r\000y\000\040\000l\000a\000y\000o\000u\000t\000\040\000i\000n\000\040\000t\000h\000e\000\040\000t\000i\000m\000e\000\040\000l\000o\000o\000p}{section.6}% 24
\BOOKMARK [1][-]{section.7}{\376\377\000T\000h\000e\000o\000r\000e\000t\000i\000c\000a\000l\000\040\000a\000c\000c\000u\000r\000a\000c\000y\000\040\000a\000n\000d\000\040\000p\000r\000a\000c\000t\000i\000c\000a\000l\000\040\000e\000r\000r\000o\000r\000\040\000f\000l\000o\000o\000r\000s}{}% 25
\BOOKMARK [1][-]{section.8}{\376\377\000S\000o\000l\000v\000e\000r\000\040\000c\000o\000n\000t\000r\000o\000l\000s}{}% 26
\BOOKMARK [1][-]{section.9}{\376\377\000O\000u\000t\000p\000u\000t\000\040\000d\000i\000a\000g\000n\000o\000s\000t\000i\000c\000s}{}% 27
\BOOKMARK [1][-]{section.10}{\376\377\000E\000r\000r\000o\000r\000\040\000M\000e\000a\000s\000u\000r\000e\000s\000\040\000a\000n\000d\000\040\000C\000o\000n\000v\000e\000r\000g\000e\000n\000c\000e\000\040\000R\000a\000t\000e\000s}{}% 28
\BOOKMARK [1][-]{section.11}{\376\377\000R\000e\000s\000u\000l\000t\000s}{}% 29
\BOOKMARK [2][-]{subsection.11.1}{\376\377\000T\000w\000o\000-\000d\000i\000m\000e\000n\000s\000i\000o\000n\000a\000l\000\040\000m\000a\000n\000u\000f\000a\000c\000t\000u\000r\000e\000d\000\040\000p\000r\000o\000b\000l\000e\000m}{section.11}% 30
\BOOKMARK [3][-]{subsubsection.11.1.1}{\376\377\000P\000i\000c\000a\000r\000d}{subsection.11.1}% 31
\BOOKMARK [3][-]{subsubsection.11.1.2}{\376\377\000d\000i\000a\000g\000o\000n\000a\000l\000I\000i\000o\000n}{subsection.11.1}% 32
\BOOKMARK [3][-]{subsubsection.11.1.3}{\376\377\000J\000F\000N\000K}{subsection.11.1}% 33
\BOOKMARK [2][-]{subsection.11.2}{\376\377\000T\000w\000o\000-\000d\000i\000m\000e\000n\000s\000i\000o\000n\000a\000l\000\040\000r\000e\000s\000u\000l\000t\000s\000:\000\040\000c\000o\000m\000m\000e\000n\000t\000s}{section.11}% 34
\BOOKMARK [2][-]{subsection.11.3}{\376\377\000T\000h\000r\000e\000e\000-\000d\000i\000m\000e\000n\000s\000i\000o\000n\000a\000l\000\040\000m\000a\000n\000u\000f\000a\000c\000t\000u\000r\000e\000d\000\040\000p\000r\000o\000b\000l\000e\000m}{section.11}% 35
\BOOKMARK [3][-]{subsubsection.11.3.1}{\376\377\000P\000i\000c\000a\000r\000d}{subsection.11.3}% 36
\BOOKMARK [3][-]{subsubsection.11.3.2}{\376\377\000d\000i\000a\000g\000o\000n\000a\000l\000I\000i\000o\000n}{subsection.11.3}% 37
\BOOKMARK [3][-]{subsubsection.11.3.3}{\376\377\000J\000F\000N\000K}{subsection.11.3}% 38
\BOOKMARK [1][-]{section.12}{\376\377\000N\000o\000t\000e\000s}{}% 39
