This is pdfTeX, Version 3.141592653-2.6-1.40.22 (TeX Live 2022/dev/Debian) (preloaded format=pdflatex 2026.1.30)  1 JUL 2026 02:51
entering extended mode
 restricted \write18 enabled.
 %&-line parsing enabled.
**highOrderManufacturedFDAImplicitPETSc.tex
(./highOrderManufacturedFDAImplicitPETSc.tex
LaTeX2e <2021-11-15> patch level 1
L3 programming layer <2022-01-21>
(/usr/share/texlive/texmf-dist/tex/latex/base/article.cls
Document Class: article 2021/10/04 v1.4n Standard LaTeX document class
(/usr/share/texlive/texmf-dist/tex/latex/base/size11.clo
File: size11.clo 2021/10/04 v1.4n Standard LaTeX file (size option)
)
\c@part=\count185
\c@section=\count186
\c@subsection=\count187
\c@subsubsection=\count188
\c@paragraph=\count189
\c@subparagraph=\count190
\c@figure=\count191
\c@table=\count192
\abovecaptionskip=\skip47
\belowcaptionskip=\skip48
\bibindent=\dimen138
)
(/usr/share/texlive/texmf-dist/tex/latex/geometry/geometry.sty
Package: geometry 2020/01/02 v5.9 Page Geometry

(/usr/share/texlive/texmf-dist/tex/latex/graphics/keyval.sty
Package: keyval 2014/10/28 v1.15 key=value parser (DPC)
\KV@toks@=\toks16
)
(/usr/share/texlive/texmf-dist/tex/generic/iftex/ifvtex.sty
Package: ifvtex 2019/10/25 v1.7 ifvtex legacy package. Use iftex instead.

(/usr/share/texlive/texmf-dist/tex/generic/iftex/iftex.sty
Package: iftex 2020/03/06 v1.0d TeX engine tests
))
\Gm@cnth=\count193
\Gm@cntv=\count194
\c@Gm@tempcnt=\count195
\Gm@bindingoffset=\dimen139
\Gm@wd@mp=\dimen140
\Gm@odd@mp=\dimen141
\Gm@even@mp=\dimen142
\Gm@layoutwidth=\dimen143
\Gm@layoutheight=\dimen144
\Gm@layouthoffset=\dimen145
\Gm@layoutvoffset=\dimen146
\Gm@dimlist=\toks17
)
(/usr/share/texlive/texmf-dist/tex/latex/amsmath/amsmath.sty
Package: amsmath 2021/10/15 v2.17l AMS math features
\@mathmargin=\skip49

For additional information on amsmath, use the `?' option.
(/usr/share/texlive/texmf-dist/tex/latex/amsmath/amstext.sty
Package: amstext 2021/08/26 v2.01 AMS text

(/usr/share/texlive/texmf-dist/tex/latex/amsmath/amsgen.sty
File: amsgen.sty 1999/11/30 v2.0 generic functions
\@emptytoks=\toks18
\ex@=\dimen147
))
(/usr/share/texlive/texmf-dist/tex/latex/amsmath/amsbsy.sty
Package: amsbsy 1999/11/29 v1.2d Bold Symbols
\pmbraise@=\dimen148
)
(/usr/share/texlive/texmf-dist/tex/latex/amsmath/amsopn.sty
Package: amsopn 2021/08/26 v2.02 operator names
)
\inf@bad=\count196
LaTeX Info: Redefining \frac on input line 234.
\uproot@=\count197
\leftroot@=\count198
LaTeX Info: Redefining \overline on input line 399.
\classnum@=\count199
\DOTSCASE@=\count266
LaTeX Info: Redefining \ldots on input line 496.
LaTeX Info: Redefining \dots on input line 499.
LaTeX Info: Redefining \cdots on input line 620.
\Mathstrutbox@=\box50
\strutbox@=\box51
\big@size=\dimen149
LaTeX Font Info:    Redeclaring font encoding OML on input line 743.
LaTeX Font Info:    Redeclaring font encoding OMS on input line 744.
\macc@depth=\count267
\c@MaxMatrixCols=\count268
\dotsspace@=\muskip16
\c@parentequation=\count269
\dspbrk@lvl=\count270
\tag@help=\toks19
\row@=\count271
\column@=\count272
\maxfields@=\count273
\andhelp@=\toks20
\eqnshift@=\dimen150
\alignsep@=\dimen151
\tagshift@=\dimen152
\tagwidth@=\dimen153
\totwidth@=\dimen154
\lineht@=\dimen155
\@envbody=\toks21
\multlinegap=\skip50
\multlinetaggap=\skip51
\mathdisplay@stack=\toks22
LaTeX Info: Redefining \[ on input line 2938.
LaTeX Info: Redefining \] on input line 2939.
)
(/usr/share/texlive/texmf-dist/tex/latex/amsfonts/amssymb.sty
Package: amssymb 2013/01/14 v3.01 AMS font symbols

(/usr/share/texlive/texmf-dist/tex/latex/amsfonts/amsfonts.sty
Package: amsfonts 2013/01/14 v3.01 Basic AMSFonts support
\symAMSa=\mathgroup4
\symAMSb=\mathgroup5
LaTeX Font Info:    Redeclaring math symbol \hbar on input line 98.
LaTeX Font Info:    Overwriting math alphabet `\mathfrak' in version `bold'
(Font)                  U/euf/m/n --> U/euf/b/n on input line 106.
))
(/usr/share/texlive/texmf-dist/tex/latex/mathtools/mathtools.sty
Package: mathtools 2021/02/02 v1.28 mathematical typesetting tools

(/usr/share/texlive/texmf-dist/tex/latex/tools/calc.sty
Package: calc 2017/05/25 v4.3 Infix arithmetic (KKT,FJ)
\calc@Acount=\count274
\calc@Bcount=\count275
\calc@Adimen=\dimen156
\calc@Bdimen=\dimen157
\calc@Askip=\skip52
\calc@Bskip=\skip53
LaTeX Info: Redefining \setlength on input line 80.
LaTeX Info: Redefining \addtolength on input line 81.
\calc@Ccount=\count276
\calc@Cskip=\skip54
)
(/usr/share/texlive/texmf-dist/tex/latex/mathtools/mhsetup.sty
Package: mhsetup 2021/03/18 v1.4 programming setup (MH)
)
\g_MT_multlinerow_int=\count277
\l_MT_multwidth_dim=\dimen158
\origjot=\skip55
\l_MT_shortvdotswithinadjustabove_dim=\dimen159
\l_MT_shortvdotswithinadjustbelow_dim=\dimen160
\l_MT_above_intertext_sep=\dimen161
\l_MT_below_intertext_sep=\dimen162
\l_MT_above_shortintertext_sep=\dimen163
\l_MT_below_shortintertext_sep=\dimen164
\xmathstrut@box=\box52
\xmathstrut@dim=\dimen165
)
(/usr/share/texlive/texmf-dist/tex/latex/graphics/graphicx.sty
Package: graphicx 2021/09/16 v1.2d Enhanced LaTeX Graphics (DPC,SPQR)

(/usr/share/texlive/texmf-dist/tex/latex/graphics/graphics.sty
Package: graphics 2021/03/04 v1.4d Standard LaTeX Graphics (DPC,SPQR)

(/usr/share/texlive/texmf-dist/tex/latex/graphics/trig.sty
Package: trig 2021/08/11 v1.11 sin cos tan (DPC)
)
(/usr/share/texlive/texmf-dist/tex/latex/graphics-cfg/graphics.cfg
File: graphics.cfg 2016/06/04 v1.11 sample graphics configuration
)
Package graphics Info: Driver file: pdftex.def on input line 107.

(/usr/share/texlive/texmf-dist/tex/latex/graphics-def/pdftex.def
File: pdftex.def 2020/10/05 v1.2a Graphics/color driver for pdftex
))
\Gin@req@height=\dimen166
\Gin@req@width=\dimen167
)
(/usr/share/texlive/texmf-dist/tex/latex/booktabs/booktabs.sty
Package: booktabs 2020/01/12 v1.61803398 Publication quality tables
\heavyrulewidth=\dimen168
\lightrulewidth=\dimen169
\cmidrulewidth=\dimen170
\belowrulesep=\dimen171
\belowbottomsep=\dimen172
\aboverulesep=\dimen173
\abovetopsep=\dimen174
\cmidrulesep=\dimen175
\cmidrulekern=\dimen176
\defaultaddspace=\dimen177
\@cmidla=\count278
\@cmidlb=\count279
\@aboverulesep=\dimen178
\@belowrulesep=\dimen179
\@thisruleclass=\count280
\@lastruleclass=\count281
\@thisrulewidth=\dimen180
)
(/usr/share/texlive/texmf-dist/tex/latex/tools/longtable.sty
Package: longtable 2021-09-01 v4.17 Multi-page Table package (DPC)
\LTleft=\skip56
\LTright=\skip57
\LTpre=\skip58
\LTpost=\skip59
\LTchunksize=\count282
\LTcapwidth=\dimen181
\LT@head=\box53
\LT@firsthead=\box54
\LT@foot=\box55
\LT@lastfoot=\box56
\LT@gbox=\box57
\LT@cols=\count283
\LT@rows=\count284
\c@LT@tables=\count285
\c@LT@chunks=\count286
\LT@p@ftn=\toks23
)
(/usr/share/texlive/texmf-dist/tex/latex/tools/array.sty
Package: array 2021/10/04 v2.5f Tabular extension package (FMi)
\col@sep=\dimen182
\ar@mcellbox=\box58
\extrarowheight=\dimen183
\NC@list=\toks24
\extratabsurround=\skip60
\backup@length=\skip61
\ar@cellbox=\box59
)
(/usr/share/texlive/texmf-dist/tex/latex/hyperref/hyperref.sty
Package: hyperref 2021-06-07 v7.00m Hypertext links for LaTeX

(/usr/share/texlive/texmf-dist/tex/generic/ltxcmds/ltxcmds.sty
Package: ltxcmds 2020-05-10 v1.25 LaTeX kernel commands for general use (HO)
)
(/usr/share/texlive/texmf-dist/tex/generic/pdftexcmds/pdftexcmds.sty
Package: pdftexcmds 2020-06-27 v0.33 Utility functions of pdfTeX for LuaTeX (HO
)

(/usr/share/texlive/texmf-dist/tex/generic/infwarerr/infwarerr.sty
Package: infwarerr 2019/12/03 v1.5 Providing info/warning/error messages (HO)
)
Package pdftexcmds Info: \pdf@primitive is available.
Package pdftexcmds Info: \pdf@ifprimitive is available.
Package pdftexcmds Info: \pdfdraftmode found.
)
(/usr/share/texlive/texmf-dist/tex/generic/kvsetkeys/kvsetkeys.sty
Package: kvsetkeys 2019/12/15 v1.18 Key value parser (HO)
)
(/usr/share/texlive/texmf-dist/tex/generic/kvdefinekeys/kvdefinekeys.sty
Package: kvdefinekeys 2019-12-19 v1.6 Define keys (HO)
)
(/usr/share/texlive/texmf-dist/tex/generic/pdfescape/pdfescape.sty
Package: pdfescape 2019/12/09 v1.15 Implements pdfTeX's escape features (HO)
)
(/usr/share/texlive/texmf-dist/tex/latex/hycolor/hycolor.sty
Package: hycolor 2020-01-27 v1.10 Color options for hyperref/bookmark (HO)
)
(/usr/share/texlive/texmf-dist/tex/latex/letltxmacro/letltxmacro.sty
Package: letltxmacro 2019/12/03 v1.6 Let assignment for LaTeX macros (HO)
)
(/usr/share/texlive/texmf-dist/tex/latex/auxhook/auxhook.sty
Package: auxhook 2019-12-17 v1.6 Hooks for auxiliary files (HO)
)
(/usr/share/texlive/texmf-dist/tex/latex/kvoptions/kvoptions.sty
Package: kvoptions 2020-10-07 v3.14 Key value format for package options (HO)
)
\@linkdim=\dimen184
\Hy@linkcounter=\count287
\Hy@pagecounter=\count288

(/usr/share/texlive/texmf-dist/tex/latex/hyperref/pd1enc.def
File: pd1enc.def 2021-06-07 v7.00m Hyperref: PDFDocEncoding definition (HO)
Now handling font encoding PD1 ...
... no UTF-8 mapping file for font encoding PD1
)
(/usr/share/texlive/texmf-dist/tex/latex/hyperref/hyperref-langpatches.def
File: hyperref-langpatches.def 2021-06-07 v7.00m Hyperref: patches for babel la
nguages
)
(/usr/share/texlive/texmf-dist/tex/generic/intcalc/intcalc.sty
Package: intcalc 2019/12/15 v1.3 Expandable calculations with integers (HO)
)
(/usr/share/texlive/texmf-dist/tex/generic/etexcmds/etexcmds.sty
Package: etexcmds 2019/12/15 v1.7 Avoid name clashes with e-TeX commands (HO)
)
\Hy@SavedSpaceFactor=\count289

(/usr/share/texlive/texmf-dist/tex/latex/hyperref/puenc.def
File: puenc.def 2021-06-07 v7.00m Hyperref: PDF Unicode definition (HO)
Now handling font encoding PU ...
... no UTF-8 mapping file for font encoding PU
)
Package hyperref Info: Hyper figures OFF on input line 4192.
Package hyperref Info: Link nesting OFF on input line 4197.
Package hyperref Info: Hyper index ON on input line 4200.
Package hyperref Info: Plain pages OFF on input line 4207.
Package hyperref Info: Backreferencing OFF on input line 4212.
Package hyperref Info: Implicit mode ON; LaTeX internals redefined.
Package hyperref Info: Bookmarks ON on input line 4445.
\c@Hy@tempcnt=\count290

(/usr/share/texlive/texmf-dist/tex/latex/url/url.sty
\Urlmuskip=\muskip17
Package: url 2013/09/16  ver 3.4  Verb mode for urls, etc.
)
LaTeX Info: Redefining \url on input line 4804.
\XeTeXLinkMargin=\dimen185

(/usr/share/texlive/texmf-dist/tex/generic/bitset/bitset.sty
Package: bitset 2019/12/09 v1.3 Handle bit-vector datatype (HO)

(/usr/share/texlive/texmf-dist/tex/generic/bigintcalc/bigintcalc.sty
Package: bigintcalc 2019/12/15 v1.5 Expandable calculations on big integers (HO
)
))
\Fld@menulength=\count291
\Field@Width=\dimen186
\Fld@charsize=\dimen187
Package hyperref Info: Hyper figures OFF on input line 6076.
Package hyperref Info: Link nesting OFF on input line 6081.
Package hyperref Info: Hyper index ON on input line 6084.
Package hyperref Info: backreferencing OFF on input line 6091.
Package hyperref Info: Link coloring OFF on input line 6096.
Package hyperref Info: Link coloring with OCG OFF on input line 6101.
Package hyperref Info: PDF/A mode OFF on input line 6106.
LaTeX Info: Redefining \ref on input line 6146.
LaTeX Info: Redefining \pageref on input line 6150.

(/usr/share/texlive/texmf-dist/tex/latex/base/atbegshi-ltx.sty
Package: atbegshi-ltx 2021/01/10 v1.0c Emulation of the original atbegshi
package with kernel methods
)
\Hy@abspage=\count292
\c@Item=\count293
\c@Hfootnote=\count294
)
Package hyperref Info: Driver (autodetected): hpdftex.

(/usr/share/texlive/texmf-dist/tex/latex/hyperref/hpdftex.def
File: hpdftex.def 2021-06-07 v7.00m Hyperref driver for pdfTeX

(/usr/share/texlive/texmf-dist/tex/latex/base/atveryend-ltx.sty
Package: atveryend-ltx 2020/08/19 v1.0a Emulation of the original atveryend pac
kage
with kernel methods
)
\Fld@listcount=\count295
\c@bookmark@seq@number=\count296

(/usr/share/texlive/texmf-dist/tex/latex/rerunfilecheck/rerunfilecheck.sty
Package: rerunfilecheck 2019/12/05 v1.9 Rerun checks for auxiliary files (HO)

(/usr/share/texlive/texmf-dist/tex/generic/uniquecounter/uniquecounter.sty
Package: uniquecounter 2019/12/15 v1.4 Provide unlimited unique counter (HO)
)
Package uniquecounter Info: New unique counter `rerunfilecheck' on input line 2
86.
)
\Hy@SectionHShift=\skip62
)
(/usr/share/texlive/texmf-dist/tex/latex/placeins/placeins.sty
Package: placeins 2005/04/18  v 2.2
)
(/usr/share/texlive/texmf-dist/tex/latex/xcolor/xcolor.sty
Package: xcolor 2021/10/31 v2.13 LaTeX color extensions (UK)

(/usr/share/texlive/texmf-dist/tex/latex/graphics-cfg/color.cfg
File: color.cfg 2016/01/02 v1.6 sample color configuration
)
Package xcolor Info: Driver file: pdftex.def on input line 227.
Package xcolor Info: Model `cmy' substituted by `cmy0' on input line 1352.
Package xcolor Info: Model `hsb' substituted by `rgb' on input line 1356.
Package xcolor Info: Model `RGB' extended on input line 1368.
Package xcolor Info: Model `HTML' substituted by `rgb' on input line 1370.
Package xcolor Info: Model `Hsb' substituted by `hsb' on input line 1371.
Package xcolor Info: Model `tHsb' substituted by `hsb' on input line 1372.
Package xcolor Info: Model `HSB' substituted by `hsb' on input line 1373.
Package xcolor Info: Model `Gray' substituted by `gray' on input line 1374.
Package xcolor Info: Model `wave' substituted by `hsb' on input line 1375.
)
(/usr/share/texlive/texmf-dist/tex/latex/caption/caption.sty
Package: caption 2020/10/26 v3.5g Customizing captions (AR)

(/usr/share/texlive/texmf-dist/tex/latex/caption/caption3.sty
Package: caption3 2020/10/21 v2.2e caption3 kernel (AR)
\captionmargin=\dimen188
\captionmargin@=\dimen189
\captionwidth=\dimen190
\caption@tempdima=\dimen191
\caption@indent=\dimen192
\caption@parindent=\dimen193
\caption@hangindent=\dimen194
Package caption Info: Standard document class detected.
)
\c@caption@flags=\count297
\c@continuedfloat=\count298
Package caption Info: hyperref package is loaded.
Package caption Info: longtable package is loaded.

(/usr/share/texlive/texmf-dist/tex/latex/caption/ltcaption.sty
Package: ltcaption 2020/05/30 v1.4b longtable captions (AR)
))
(/usr/share/texlive/texmf-dist/tex/latex/caption/subcaption.sty
Package: subcaption 2020/10/07 v1.3j Sub-captions (AR)
\c@subfigure=\count299
\c@subtable=\count300
)
(/usr/share/texlive/texmf-dist/tex/latex/enumitem/enumitem.sty
Package: enumitem 2019/06/20 v3.9 Customized lists
\labelindent=\skip63
\enit@outerparindent=\dimen195
\enit@toks=\toks25
\enit@inbox=\box60
\enit@count@id=\count301
\enitdp@description=\count302
)
(/usr/share/texlive/texmf-dist/tex/latex/algorithms/algorithm.sty
Package: algorithm 2009/08/24 v0.1 Document Style `algorithm' - floating enviro
nment

(/usr/share/texlive/texmf-dist/tex/latex/float/float.sty
Package: float 2001/11/08 v1.3d Float enhancements (AL)
\c@float@type=\count303
\float@exts=\toks26
\float@box=\box61
\@float@everytoks=\toks27
\@floatcapt=\box62
)
(/usr/share/texlive/texmf-dist/tex/latex/base/ifthen.sty
Package: ifthen 2020/11/24 v1.1c Standard LaTeX ifthen package (DPC)
)
\@float@every@algorithm=\toks28
\c@algorithm=\count304
)
(/usr/share/texlive/texmf-dist/tex/latex/algorithmicx/algpseudocode.sty
Package: algpseudocode 

(/usr/share/texlive/texmf-dist/tex/latex/algorithmicx/algorithmicx.sty
Package: algorithmicx 2005/04/27 v1.2 Algorithmicx

Document Style algorithmicx 1.2 - a greatly improved `algorithmic' style
\c@ALG@line=\count305
\c@ALG@rem=\count306
\c@ALG@nested=\count307
\ALG@tlm=\skip64
\ALG@thistlm=\skip65
\c@ALG@Lnr=\count308
\c@ALG@blocknr=\count309
\c@ALG@storecount=\count310
\c@ALG@tmpcounter=\count311
\ALG@tmplength=\skip66
)
Document Style - pseudocode environments for use with the `algorithmicx' style
) (/usr/share/texlive/texmf-dist/tex/latex/listings/listings.sty
\lst@mode=\count312
\lst@gtempboxa=\box63
\lst@token=\toks29
\lst@length=\count313
\lst@currlwidth=\dimen196
\lst@column=\count314
\lst@pos=\count315
\lst@lostspace=\dimen197
\lst@width=\dimen198
\lst@newlines=\count316
\lst@lineno=\count317
\lst@maxwidth=\dimen199

(/usr/share/texlive/texmf-dist/tex/latex/listings/lstmisc.sty
File: lstmisc.sty 2020/03/24 1.8d (Carsten Heinz)
\c@lstnumber=\count318
\lst@skipnumbers=\count319
\lst@framebox=\box64
)
(/usr/share/texlive/texmf-dist/tex/latex/listings/listings.cfg
File: listings.cfg 2020/03/24 1.8d listings configuration
))
Package: listings 2020/03/24 1.8d (Carsten Heinz)

(/usr/share/texlive/texmf-dist/tex/latex/siunitx/siunitx.sty
Package: siunitx 2022-02-02 v3.0.46 A comprehensive (SI) units package
\l__siunitx_angle_tmp_dim=\dimen256
\l__siunitx_angle_marker_box=\box65
\l__siunitx_angle_unit_box=\box66
\l__siunitx_compound_count_int=\count320

(/usr/share/texlive/texmf-dist/tex/latex/translations/translations.sty
Package: translations 2022/01/04 v1.11 internationalization of LaTeX2e packages
 (CN)

(/usr/share/texlive/texmf-dist/tex/latex/etoolbox/etoolbox.sty
Package: etoolbox 2020/10/05 v2.5k e-TeX tools for LaTeX (JAW)
\etb@tempcnta=\count321
))
\l__siunitx_number_exponent_fixed_int=\count322
\l__siunitx_number_min_decimal_int=\count323
\l__siunitx_number_min_integer_int=\count324
\l__siunitx_number_round_precision_int=\count325
\l__siunitx_number_group_minimum_int=\count326
\l__siunitx_table_tmp_box=\box67
\l__siunitx_table_tmp_dim=\dimen257
\l__siunitx_table_column_width_dim=\dimen258
\l__siunitx_table_integer_box=\box68
\l__siunitx_table_decimal_box=\box69
\l__siunitx_table_before_box=\box70
\l__siunitx_table_after_box=\box71
\l__siunitx_table_before_dim=\dimen259
\l__siunitx_table_carry_dim=\dimen260
\l__siunitx_unit_tmp_int=\count327
\l__siunitx_unit_position_int=\count328
\l__siunitx_unit_total_int=\count329

(/usr/share/texlive/texmf-dist/tex/latex/l3packages/l3keys2e/l3keys2e.sty
(/usr/share/texlive/texmf-dist/tex/latex/l3kernel/expl3.sty
Package: expl3 2022-01-21 L3 programming layer (loader) 

(/usr/share/texlive/texmf-dist/tex/latex/l3backend/l3backend-pdftex.def
File: l3backend-pdftex.def 2022-01-12 L3 backend support: PDF output (pdfTeX)
\l__color_backend_stack_int=\count330
\l__pdf_internal_box=\box72
))
Package: l3keys2e 2022-01-12 LaTeX2e option processing using LaTeX3 keys
))
(/usr/share/texlive/texmf-dist/tex/latex/microtype/microtype.sty
Package: microtype 2021/12/10 v3.0b Micro-typographical refinements (RS)
\MT@toks=\toks30
\MT@count=\count331
\MT@tempbox=\box73
LaTeX Info: Redefining \leftprotrusion on input line 1010.
LaTeX Info: Redefining \rightprotrusion on input line 1018.
LaTeX Info: Redefining \textls on input line 1173.
\MT@outer@kern=\dimen261
LaTeX Info: Redefining \textmicrotypecontext on input line 1759.
\MT@listname@count=\count332

(/usr/share/texlive/texmf-dist/tex/latex/microtype/microtype-pdftex.def
File: microtype-pdftex.def 2021/12/10 v3.0b Definitions specific to pdftex (RS)

LaTeX Info: Redefining \lsstyle on input line 897.
LaTeX Info: Redefining \lslig on input line 897.
\MT@outer@space=\skip67
)
Package microtype Info: Loading configuration file microtype.cfg.

(/usr/share/texlive/texmf-dist/tex/latex/microtype/microtype.cfg
File: microtype.cfg 2021/12/10 v3.0b microtype main configuration file (RS)
))
(/usr/share/texlive/texmf-dist/tex/latex/multirow/multirow.sty
Package: multirow 2021/03/15 v2.8 Span multiple rows of a table
\multirow@colwidth=\skip68
\multirow@cntb=\count333
\multirow@dima=\skip69
\bigstrutjot=\dimen262
)
Package hyperref Info: Option `colorlinks' set `true' on input line 20.
Package translations Info: No language package found. I am going to use `englis
h' as default language. on input line 57.

(./highOrderManufacturedFDAImplicitPETSc.aux)
\openout1 = `highOrderManufacturedFDAImplicitPETSc.aux'.

LaTeX Font Info:    Checking defaults for OML/cmm/m/it on input line 57.
LaTeX Font Info:    ... okay on input line 57.
LaTeX Font Info:    Checking defaults for OMS/cmsy/m/n on input line 57.
LaTeX Font Info:    ... okay on input line 57.
LaTeX Font Info:    Checking defaults for OT1/cmr/m/n on input line 57.
LaTeX Font Info:    ... okay on input line 57.
LaTeX Font Info:    Checking defaults for T1/cmr/m/n on input line 57.
LaTeX Font Info:    ... okay on input line 57.
LaTeX Font Info:    Checking defaults for TS1/cmr/m/n on input line 57.
LaTeX Font Info:    ... okay on input line 57.
LaTeX Font Info:    Checking defaults for OMX/cmex/m/n on input line 57.
LaTeX Font Info:    ... okay on input line 57.
LaTeX Font Info:    Checking defaults for U/cmr/m/n on input line 57.
LaTeX Font Info:    ... okay on input line 57.
LaTeX Font Info:    Checking defaults for PD1/pdf/m/n on input line 57.
LaTeX Font Info:    ... okay on input line 57.
LaTeX Font Info:    Checking defaults for PU/pdf/m/n on input line 57.
LaTeX Font Info:    ... okay on input line 57.

*geometry* driver: auto-detecting
*geometry* detected driver: pdftex
*geometry* verbose mode - [ preamble ] result:
* driver: pdftex
* paper: a4paper
* layout: <same size as paper>
* layoutoffset:(h,v)=(0.0pt,0.0pt)
* modes: 
* h-part:(L,W,R)=(62.59596pt, 472.31595pt, 62.59596pt)
* v-part:(T,H,B)=(62.59596pt, 719.85492pt, 62.59596pt)
* \paperwidth=597.50787pt
* \paperheight=845.04684pt
* \textwidth=472.31595pt
* \textheight=719.85492pt
* \oddsidemargin=-9.67403pt
* \evensidemargin=-9.67403pt
* \topmargin=-46.67403pt
* \headheight=12.0pt
* \headsep=25.0pt
* \topskip=11.0pt
* \footskip=30.0pt
* \marginparwidth=50.0pt
* \marginparsep=10.0pt
* \columnsep=10.0pt
* \skip\footins=10.0pt plus 4.0pt minus 2.0pt
* \hoffset=0.0pt
* \voffset=0.0pt
* \mag=1000
* \@twocolumnfalse
* \@twosidefalse
* \@mparswitchfalse
* \@reversemarginfalse
* (1in=72.27pt=25.4mm, 1cm=28.453pt)

(/usr/share/texlive/texmf-dist/tex/context/base/mkii/supp-pdf.mkii
[Loading MPS to PDF converter (version 2006.09.02).]
\scratchcounter=\count334
\scratchdimen=\dimen263
\scratchbox=\box74
\nofMPsegments=\count335
\nofMParguments=\count336
\everyMPshowfont=\toks31
\MPscratchCnt=\count337
\MPscratchDim=\dimen264
\MPnumerator=\count338
\makeMPintoPDFobject=\count339
\everyMPtoPDFconversion=\toks32
) (/usr/share/texlive/texmf-dist/tex/latex/epstopdf-pkg/epstopdf-base.sty
Package: epstopdf-base 2020-01-24 v2.11 Base part for package epstopdf
Package epstopdf-base Info: Redefining graphics rule for `.eps' on input line 4
85.

(/usr/share/texlive/texmf-dist/tex/latex/latexconfig/epstopdf-sys.cfg
File: epstopdf-sys.cfg 2010/07/13 v1.3 Configuration of (r)epstopdf for TeX Liv
e
))
Package hyperref Info: Link coloring ON on input line 57.

(/usr/share/texlive/texmf-dist/tex/latex/hyperref/nameref.sty
Package: nameref 2021-04-02 v2.47 Cross-referencing by name of section

(/usr/share/texlive/texmf-dist/tex/latex/refcount/refcount.sty
Package: refcount 2019/12/15 v3.6 Data extraction from label references (HO)
)
(/usr/share/texlive/texmf-dist/tex/generic/gettitlestring/gettitlestring.sty
Package: gettitlestring 2019/12/15 v1.6 Cleanup title references (HO)
)
\c@section@level=\count340
)
LaTeX Info: Redefining \ref on input line 57.
LaTeX Info: Redefining \pageref on input line 57.
LaTeX Info: Redefining \nameref on input line 57.

(./highOrderManufacturedFDAImplicitPETSc.out)
(./highOrderManufacturedFDAImplicitPETSc.out)
\@outlinefile=\write3
\openout3 = `highOrderManufacturedFDAImplicitPETSc.out'.

Package caption Info: Begin \AtBeginDocument code.
Package caption Info: float package is loaded.
Package caption Info: listings package is loaded.
Package caption Info: End \AtBeginDocument code.
\c@lstlisting=\count341

(/usr/share/texlive/texmf-dist/tex/latex/translations/translations-basic-dictio
nary-english.trsl
File: translations-basic-dictionary-english.trsl (english translation file `tra
nslations-basic-dictionary')
)
Package translations Info: loading dictionary `translations-basic-dictionary' f
or `english'. on input line 57.
LaTeX Info: Redefining \microtypecontext on input line 57.
Package microtype Info: Applying patch `item' on input line 57.
Package microtype Info: Applying patch `toc' on input line 57.
Package microtype Info: Applying patch `eqnum' on input line 57.
Package microtype Info: Applying patch `footnote' on input line 57.
Package microtype Info: Generating PDF output.
Package microtype Info: Character protrusion enabled (level 2).
Package microtype Info: Using default protrusion set `alltext'.
Package microtype Info: Automatic font expansion enabled (level 2),
(microtype)             stretch: 20, shrink: 20, step: 1, non-selected.
Package microtype Info: Using default expansion set `alltext-nott'.
LaTeX Info: Redefining \showhyphens on input line 57.
Package microtype Info: No adjustment of tracking.
Package microtype Info: No adjustment of interword spacing.
Package microtype Info: No adjustment of character kerning.

(/usr/share/texlive/texmf-dist/tex/latex/microtype/mt-cmr.cfg
File: mt-cmr.cfg 2013/05/19 v2.2 microtype config. file: Computer Modern Roman 
(RS)
)
Package microtype Info: Loading generic protrusion settings for font family
(microtype)             `cmtt' (encoding: OT1).
(microtype)             For optimal results, create family-specific settings.
(microtype)             See the microtype manual for details.
LaTeX Font Info:    Trying to load font information for U+msa on input line 59.


(/usr/share/texlive/texmf-dist/tex/latex/amsfonts/umsa.fd
File: umsa.fd 2013/01/14 v3.01 AMS symbols A
)
(/usr/share/texlive/texmf-dist/tex/latex/microtype/mt-msa.cfg
File: mt-msa.cfg 2006/02/04 v1.1 microtype config. file: AMS symbols (a) (RS)
)
LaTeX Font Info:    Trying to load font information for U+msb on input line 59.


(/usr/share/texlive/texmf-dist/tex/latex/amsfonts/umsb.fd
File: umsb.fd 2013/01/14 v3.01 AMS symbols B
)
(/usr/share/texlive/texmf-dist/tex/latex/microtype/mt-msb.cfg
File: mt-msb.cfg 2005/06/01 v1.0 microtype config. file: AMS symbols (b) (RS)
)
(./highOrderManufacturedFDAImplicitPETSc.toc [1

{/var/lib/texmf/fonts/map/pdftex/updmap/pdftex.map}])
\tf@toc=\write4
\openout4 = `highOrderManufacturedFDAImplicitPETSc.toc'.

Package microtype Info: Loading generic protrusion settings for font family
(microtype)             `cmss' (encoding: OT1).
(microtype)             For optimal results, create family-specific settings.
(microtype)             See the microtype manual for details.

Overfull \hbox (92.6352pt too wide) in paragraph at lines 116--136
 [] 
 []

[2] [3] [4] [5] [6] [7]
Package hyperref Info: bookmark level for unknown algorithm defaults to 0 on in
put line 649.


LaTeX Warning: `!h' float specifier changed to `!ht'.

[8] [9]

LaTeX Warning: `!h' float specifier changed to `!ht'.


Overfull \hbox (80.60617pt too wide) in paragraph at lines 850--856
\OT1/cmr/m/n/10.95 (-20) The PDE-level op-er-a-tors $\OT1/cmr/bx/n/10.95 (-20) 
A$\OT1/cmr/m/n/10.95 (-20) , $\OT1/cmr/bx/n/10.95 (-20) B$\OT1/cmr/m/n/10.95 (-
20) , $\OT1/cmr/bx/n/10.95 (-20) K$\OT1/cmr/m/n/10.95 (-20) , and the JFNK pre-
con-di-tioner $\OT1/cmr/bx/n/10.95 (-20) P$ \OT1/cmr/m/n/10.95 (-20) are stored
 as Eigen \OT1/cmtt/m/n/10 SparseMatrix<scalar,RowMajor>\OT1/cmr/m/n/10.95 (-20
) ,
 []

[10]
LaTeX Font Info:    Font shape `OT1/cmtt/bx/n' in size <12> not available
(Font)              Font shape `OT1/cmtt/m/n' tried instead on input line 897.
LaTeX Font Info:    Font shape `OT1/cmtt/bx/n' in size <10> not available
(Font)              Font shape `OT1/cmtt/m/n' tried instead on input line 897.
 [11]
Overfull \hbox (24.86563pt too wide) in paragraph at lines 967--976
[]\OT1/cmr/m/n/10.95 (-20) For the stiff-ness ma-trix, the chunk triplet reser-
va-tion is con-trolled by \OT1/cmtt/m/n/10 stiffnessTripletsPerFaceReserve\OT1/
cmr/m/n/10.95 (-20) .
 []

[12]
Overfull \hbox (14.34769pt too wide) in paragraph at lines 1051--1064
 [] 
 []

[13]
Overfull \hbox (95.5375pt too wide) in paragraph at lines 1077--1081
\OT1/cmr/m/n/10.95 (-20) The nu-mer-i-cal con-trols are read from \OT1/cmtt/m/n
/10 constant/spatialIntegrationProperties \OT1/cmr/m/n/10.95 (-20) and \OT1/cmt
t/m/n/10 constant/timeIntegrationProperties\OT1/cmr/m/n/10.95 (-20) ;
 []


Underfull \hbox (badness 1852) in paragraph at lines 1095--1096
[]|\OT1/cmtt/m/n/10 lumped \OT1/cmr/m/n/10.95 (+20) iden-tity cell-average mass
 op-er-a-tor or LRE
 []


Overfull \hbox (17.91277pt too wide) in paragraph at lines 1096--1096
[]|\OT1/cmtt/m/n/10 highOrderCoeffs/stabilisationAlpha| 
 []


Overfull \hbox (5.94286pt too wide) in paragraph at lines 1099--1099
[]|\OT1/cmtt/m/n/10 highOrderCoeffs/LRECoeffs[]states| 
 []


Overfull \hbox (34.13159pt too wide) in paragraph at lines 1099--1100
[]|\OT1/cmr/m/n/10.95 (-20) Required only for \OT1/cmtt/m/n/10 stateIntegration
Mode=cellCentredReconstruct
 []


Underfull \hbox (badness 10000) in paragraph at lines 1104--1104
[]|\OT1/cmtt/m/n/10 petscLinearKspType\OT1/cmr/m/n/10.95 (+20) ,
 []


Underfull \hbox (badness 10000) in paragraph at lines 1104--1104
\OT1/cmtt/m/n/10 petscLinearPcType\OT1/cmr/m/n/10.95 (+20) ,
 []


Underfull \hbox (badness 10000) in paragraph at lines 1105--1105
[]|\OT1/cmtt/m/n/10 petscLinearOptionsPrefix\OT1/cmr/m/n/10.95 (+20) ,
 []


Overfull \hbox (12.66281pt too wide) in paragraph at lines 1112--1112
[]|\OT1/cmtt/m/n/10 nonlinearRequireStatesConvergence| 
 []


Underfull \hbox (badness 10000) in paragraph at lines 1120--1120
[]|\OT1/cmtt/m/n/10 jfnkPetscKspType\OT1/cmr/m/n/10.95 (+20) ,
 []


Underfull \hbox (badness 10000) in paragraph at lines 1120--1120
\OT1/cmtt/m/n/10 jfnkPetscPcType\OT1/cmr/m/n/10.95 (+20) ,
 []


Underfull \hbox (badness 10000) in paragraph at lines 1120--1120
\OT1/cmtt/m/n/10 jfnkPetscRestart\OT1/cmr/m/n/10.95 (+20) ,
 []


Underfull \hbox (badness 10000) in paragraph at lines 1125--1125
[]|\OT1/cmtt/m/n/10 jfnkLineSearch\OT1/cmr/m/n/10.95 (+20) ,
 []


Underfull \hbox (badness 10000) in paragraph at lines 1125--1125
\OT1/cmtt/m/n/10 jfnkLineSearchMaxIter\OT1/cmr/m/n/10.95 (+20) ,
 []


Underfull \hbox (badness 10000) in paragraph at lines 1125--1125
\OT1/cmtt/m/n/10 jfnkLineSearchAlphaMin\OT1/cmr/m/n/10.95 (+20) ,
 []


Underfull \hbox (badness 10000) in paragraph at lines 1127--1127
[]|\OT1/cmtt/m/n/10 jfnkPreconditionerKspType\OT1/cmr/m/n/10.95 (+20) ,
 []


Overfull \hbox (3.62169pt too wide) in paragraph at lines 1128--1128
[]|\OT1/cmtt/m/n/10 jfnkPreconditionerDropTolerance\OT1/cmr/m/n/10.95 (-20) ,
 []


Underfull \hbox (badness 10000) in paragraph at lines 1129--1129
[]|\OT1/cmtt/m/n/10 jfnkPreconditionerTolerance\OT1/cmr/m/n/10.95 (+20) ,
 []


Overfull \hbox (2.1629pt too wide) in paragraph at lines 1129--1129
\OT1/cmtt/m/n/10 jfnkPreconditionerMaxIterations| 
 []


Overfull \hbox (14.1216pt too wide) in paragraph at lines 1130--1130
[]|\OT1/cmtt/m/n/10 jfnkPreconditionerUpdateFrequency\OT1/cmr/m/n/10.95 (-20) ,

 []


Overfull \hbox (2.1629pt too wide) in paragraph at lines 1130--1130
\OT1/cmtt/m/n/10 jfnkPreconditionerOptionsPrefix| 
 []


Underfull \hbox (badness 10000) in paragraph at lines 1133--1133
[]|\OT1/cmtt/m/n/10 stateODEInitialStep\OT1/cmr/m/n/10.95 (+20) ,
 []


Underfull \hbox (badness 1221) in paragraph at lines 1133--1133
\OT1/cmtt/m/n/10 stateODEAbsTol\OT1/cmr/m/n/10.95 (+20) , \OT1/cmtt/m/n/10 stat
eODERelTol\OT1/cmr/m/n/10.95 (+20) ,
 []


Underfull \hbox (badness 1910) in paragraph at lines 1133--1134
[]|\OT1/cmr/m/n/10.95 (+20) Adaptive ODE step and tol-er-ance con-trols. The
 []


Underfull \hbox (badness 2469) in paragraph at lines 1133--1134
\OT1/cmtt/m/n/10 relTol\OT1/cmr/m/n/10.95 (+20) , and \OT1/cmtt/m/n/10 maxSteps
 \OT1/cmr/m/n/10.95 (+20) in \OT1/cmtt/m/n/10 timeIntegrationProperties\OT1/cmr
/m/n/10.95 (+20) ;
 []


Underfull \hbox (badness 10000) in paragraph at lines 1134--1134
[]|\OT1/cmtt/m/n/10 stateODEUseOpenMP\OT1/cmr/m/n/10.95 (+20) ,
 []


Underfull \hbox (badness 10000) in paragraph at lines 1134--1134
\OT1/cmtt/m/n/10 stateODENumThreads\OT1/cmr/m/n/10.95 (+20) ,
 []


Underfull \hbox (badness 1314) in paragraph at lines 1134--1135
[]|\OT1/cmr/m/n/10.95 (+20) Enables OpenMP par-al-leli-sa-tion of the per-cell/
per-
 []


Overfull \hbox (2.1629pt too wide) in paragraph at lines 1136--1136
[]|\OT1/cmtt/m/n/10 memoryOptimizationCellThreshold| 
 []


Overfull \hbox (49.41249pt too wide) in paragraph at lines 1137--1137
[]|\OT1/cmtt/m/n/10 memoryOptimizationAdaptiveTripletReserve| 
 []


Overfull \hbox (35.12141pt too wide) in paragraph at lines 1138--1138
[]|\OT1/cmtt/m/n/10 memoryOptimizationFluxTripletsPerFace\OT1/cmr/m/n/10.95 (-2
0) ,
 []


Overfull \hbox (65.16235pt too wide) in paragraph at lines 1138--1138
\OT1/cmtt/m/n/10 memoryOptimizationStabilisedTripletsPerFace| 
 []


Overfull \hbox (33.66263pt too wide) in paragraph at lines 1140--1140
[]|\OT1/cmtt/m/n/10 memoryOptimizationCompactMassAssembly| 
 []

[14] [15] [16]
Overfull \hbox (24.47832pt too wide) in paragraph at lines 1260--1267
\OT1/cmr/m/n/10.95 (-20) This sec-tion col-lects the cur-rent con-ver-gence ta-
bles gen-er-ated from $\OT1/cmtt/m/n/10.95 /home / pablo / OpenFOAM / pablo-[]v
2312 /
 []


Overfull \hbox (4.93887pt too wide) in paragraph at lines 1260--1267
\OT1/cmtt/m/n/10.95 run / tutorials _ electro / highOrderManufacturedFDAImplici
tPETSc / results / example0/$\OT1/cmr/m/n/10.95 (-20) . All re-
 []

(./tables/results_2D_all.tex
Overfull \hbox (34.06857pt too wide) in paragraph at lines 2--7
\OT1/cmtt/m/n/10.95 pablo-[]v2312 / run / tutorials _ electro / highOrderManufa
cturedFDAImplicitPETSc / results / example0$
 []


Overfull \hbox (23.52998pt too wide) in paragraph at lines 2--7
\OT1/cmtt/m/n/10.95 electro / highOrderManufacturedFDAImplicitPETSc / results /
 example0 / 2D _ CN _ cons _ Picard _ RKF45$\OT1/cmr/m/n/10.95 (-20) ,
 []


Overfull \hbox (61.0874pt too wide) in paragraph at lines 2--7
\OT1/cmtt/m/n/10.95 /home / pablo / OpenFOAM / pablo-[]v2312 / run / tutorials 
_ electro / highOrderManufacturedFDAImplicitPETSc /
 []


Overfull \hbox (9.8329pt too wide) in paragraph at lines 2--7
\OT1/cmtt/m/n/10.95 results / example0 / 2D _ CN _ cons _ diagonalIion _ RKF45$
\OT1/cmr/m/n/10.95 (-20) , $\OT1/cmtt/m/n/10.95 /home / pablo / OpenFOAM / pabl
o-[]v2312 / run /
 []


Overfull \hbox (10.57382pt too wide) in paragraph at lines 2--7
\OT1/cmtt/m/n/10.95 tutorials _ electro / highOrderManufacturedFDAImplicitPETSc
 / results / example0 / 2D _ CN _ cons _
 []

LaTeX Font Info:    Font shape `OT1/cmtt/bx/n' in size <10.95> not available
(Font)              Font shape `OT1/cmtt/m/n' tried instead on input line 8.
(./tables/results_2D_Picard_dt_1p0em02.tex [17] [18] [19])
(./tables/results_2D_Picard_dt_1p0em03.tex [20] [21] [22])
(./tables/results_2D_diagonalIion_dt_1p0em02.tex [23] [24] [25])
(./tables/results_2D_diagonalIion_dt_1p0em03.tex [26] [27])
(./tables/results_2D_JFNK_dt_1p0em02.tex [28] [29] [30])
(./tables/results_2D_JFNK_dt_1p0em03.tex [31] [32] [33]))
(./tables/results_2D_conclusions.tex) (./tables/results_3D_all.tex
Overfull \hbox (34.06857pt too wide) in paragraph at lines 2--7
\OT1/cmtt/m/n/10.95 pablo-[]v2312 / run / tutorials _ electro / highOrderManufa
cturedFDAImplicitPETSc / results / example0$
 []


Overfull \hbox (23.52998pt too wide) in paragraph at lines 2--7
\OT1/cmtt/m/n/10.95 electro / highOrderManufacturedFDAImplicitPETSc / results /
 example0 / 3D _ CN _ cons _ Picard _ RKF45$\OT1/cmr/m/n/10.95 (-20) ,
 []


Overfull \hbox (61.0874pt too wide) in paragraph at lines 2--7
\OT1/cmtt/m/n/10.95 /home / pablo / OpenFOAM / pablo-[]v2312 / run / tutorials 
_ electro / highOrderManufacturedFDAImplicitPETSc /
 []


Overfull \hbox (9.8329pt too wide) in paragraph at lines 2--7
\OT1/cmtt/m/n/10.95 results / example0 / 3D _ CN _ cons _ diagonalIion _ RKF45$
\OT1/cmr/m/n/10.95 (-20) , $\OT1/cmtt/m/n/10.95 /home / pablo / OpenFOAM / pabl
o-[]v2312 / run /
 []


Overfull \hbox (10.57382pt too wide) in paragraph at lines 2--7
\OT1/cmtt/m/n/10.95 tutorials _ electro / highOrderManufacturedFDAImplicitPETSc
 / results / example0 / 3D _ CN _ cons _
 []

(./tables/results_3D_Picard_dt_1p0em02.tex [34] [35] [36])
(./tables/results_3D_Picard_dt_1p0em03.tex [37] [38] [39])
(./tables/results_3D_diagonalIion_dt_1p0em02.tex [40] [41] [42])
(./tables/results_3D_diagonalIion_dt_1p0em03.tex [43] [44])
(./tables/results_3D_JFNK_dt_1p0em02.tex [45] [46] [47])
(./tables/results_3D_JFNK_dt_1p0em03.tex [48] [49] [50])) [51]
(./highOrderManufacturedFDAImplicitPETSc.aux)
Package rerunfilecheck Info: File `highOrderManufacturedFDAImplicitPETSc.out' h
as not changed.
(rerunfilecheck)             Checksum: 8AEEC73F439FE733DA7CA53F0350BD29;7187.
 ) 
Here is how much of TeX's memory you used:
 20980 strings out of 478287
 385364 string characters out of 5849289
 1075730 words of memory out of 5000000
 38495 multiletter control sequences out of 15000+600000
 489006 words of font info for 186 fonts, out of 8000000 for 9000
 1141 hyphenation exceptions out of 8191
 70i,11n,79p,1034b,890s stack positions out of 5000i,500n,10000p,200000b,80000s
{/usr/share/texmf/fonts/enc/dvips/cm-super/cm-super-ts1.enc}</usr/share/texli
ve/texmf-dist/fonts/type1/public/amsfonts/cm/cmbx10.pfb></usr/share/texlive/tex
mf-dist/fonts/type1/public/amsfonts/cm/cmbx12.pfb></usr/share/texlive/texmf-dis
t/fonts/type1/public/amsfonts/cm/cmbx8.pfb></usr/share/texlive/texmf-dist/fonts
/type1/public/amsfonts/cm/cmex10.pfb></usr/share/texlive/texmf-dist/fonts/type1
/public/amsfonts/cm/cmmi10.pfb></usr/share/texlive/texmf-dist/fonts/type1/publi
c/amsfonts/cm/cmmi12.pfb></usr/share/texlive/texmf-dist/fonts/type1/public/amsf
onts/cm/cmmi5.pfb></usr/share/texlive/texmf-dist/fonts/type1/public/amsfonts/cm
/cmmi6.pfb></usr/share/texlive/texmf-dist/fonts/type1/public/amsfonts/cm/cmmi7.
pfb></usr/share/texlive/texmf-dist/fonts/type1/public/amsfonts/cm/cmmi8.pfb></u
sr/share/texlive/texmf-dist/fonts/type1/public/amsfonts/cm/cmr10.pfb></usr/shar
e/texlive/texmf-dist/fonts/type1/public/amsfonts/cm/cmr12.pfb></usr/share/texli
ve/texmf-dist/fonts/type1/public/amsfonts/cm/cmr17.pfb></usr/share/texlive/texm
f-dist/fonts/type1/public/amsfonts/cm/cmr5.pfb></usr/share/texlive/texmf-dist/f
onts/type1/public/amsfonts/cm/cmr6.pfb></usr/share/texlive/texmf-dist/fonts/typ
e1/public/amsfonts/cm/cmr7.pfb></usr/share/texlive/texmf-dist/fonts/type1/publi
c/amsfonts/cm/cmr8.pfb></usr/share/texlive/texmf-dist/fonts/type1/public/amsfon
ts/cm/cmr9.pfb></usr/share/texlive/texmf-dist/fonts/type1/public/amsfonts/cm/cm
ss10.pfb></usr/share/texlive/texmf-dist/fonts/type1/public/amsfonts/cm/cmsy10.p
fb></usr/share/texlive/texmf-dist/fonts/type1/public/amsfonts/cm/cmsy6.pfb></us
r/share/texlive/texmf-dist/fonts/type1/public/amsfonts/cm/cmsy8.pfb></usr/share
/texlive/texmf-dist/fonts/type1/public/amsfonts/cm/cmtt10.pfb></usr/share/texli
ve/texmf-dist/fonts/type1/public/amsfonts/symbols/msbm10.pfb></usr/share/texmf/
fonts/type1/public/cm-super/sfrm1095.pfb>
Output written on highOrderManufacturedFDAImplicitPETSc.pdf (51 pages, 516363 b
ytes).
PDF statistics:
 676 PDF objects out of 1000 (max. 8388607)
 567 compressed objects within 6 object streams
 175 named destinations out of 1000 (max. 500000)
 52537 words of extra memory for PDF output out of 61914 (max. 10000000)

